[2021-12-07T22:05:38.366+0700][gc,heap] Heap region size: 1M
[2021-12-07T22:05:38.374+0700][gc     ] Using G1
[2021-12-07T22:05:38.374+0700][gc,heap,coops] Heap address: 0x00000000c0000000, size: 1024 MB, Compressed Oops mode: 32-bit
[2021-12-07T22:05:38.374+0700][gc,cds       ] Mark closed archive regions in map: [0x00000000fff00000, 0x00000000fff6aff8]
[2021-12-07T22:05:38.374+0700][gc,cds       ] Mark open archive regions in map: [0x00000000ffe00000, 0x00000000ffe46ff8]
[2021-12-07T22:05:39.110+0700][gc,start     ] GC(0) Pause Young (Normal) (G1 Evacuation Pause)
[2021-12-07T22:05:39.110+0700][gc,task      ] GC(0) Using 8 workers of 8 for evacuation
[2021-12-07T22:05:39.119+0700][gc,phases    ] GC(0)   Pre Evacuate Collection Set: 0,0ms
[2021-12-07T22:05:39.119+0700][gc,phases    ] GC(0)   Evacuate Collection Set: 8,3ms
[2021-12-07T22:05:39.119+0700][gc,phases    ] GC(0)   Post Evacuate Collection Set: 0,6ms
[2021-12-07T22:05:39.119+0700][gc,phases    ] GC(0)   Other: 0,6ms
[2021-12-07T22:05:39.119+0700][gc,heap      ] GC(0) Eden regions: 51->0(44)
[2021-12-07T22:05:39.119+0700][gc,heap      ] GC(0) Survivor regions: 0->7(7)
[2021-12-07T22:05:39.119+0700][gc,heap      ] GC(0) Old regions: 2->2
[2021-12-07T22:05:39.119+0700][gc,heap      ] GC(0) Humongous regions: 0->0
[2021-12-07T22:05:39.119+0700][gc,metaspace ] GC(0) Metaspace: 14841K->14841K(1062912K)
[2021-12-07T22:05:39.119+0700][gc           ] GC(0) Pause Young (Normal) (G1 Evacuation Pause) 51M->7M(1024M) 9,584ms
[2021-12-07T22:05:39.119+0700][gc,cpu       ] GC(0) User=0,04s Sys=0,01s Real=0,01s
[2021-12-07T22:05:39.397+0700][gc,start     ] GC(1) Pause Young (Concurrent Start) (Metadata GC Threshold)
[2021-12-07T22:05:39.397+0700][gc,task      ] GC(1) Using 8 workers of 8 for evacuation
[2021-12-07T22:05:39.404+0700][gc,phases    ] GC(1)   Pre Evacuate Collection Set: 0,1ms
[2021-12-07T22:05:39.404+0700][gc,phases    ] GC(1)   Evacuate Collection Set: 6,7ms
[2021-12-07T22:05:39.404+0700][gc,phases    ] GC(1)   Post Evacuate Collection Set: 0,4ms
[2021-12-07T22:05:39.404+0700][gc,phases    ] GC(1)   Other: 0,2ms
[2021-12-07T22:05:39.404+0700][gc,heap      ] GC(1) Eden regions: 24->0(49)
[2021-12-07T22:05:39.404+0700][gc,heap      ] GC(1) Survivor regions: 7->2(7)
[2021-12-07T22:05:39.404+0700][gc,heap      ] GC(1) Old regions: 2->9
[2021-12-07T22:05:39.404+0700][gc,heap      ] GC(1) Humongous regions: 0->0
[2021-12-07T22:05:39.404+0700][gc,metaspace ] GC(1) Metaspace: 20504K->20504K(1067008K)
[2021-12-07T22:05:39.404+0700][gc           ] GC(1) Pause Young (Concurrent Start) (Metadata GC Threshold) 30M->8M(1024M) 7,369ms
[2021-12-07T22:05:39.404+0700][gc,cpu       ] GC(1) User=0,05s Sys=0,00s Real=0,01s
[2021-12-07T22:05:39.404+0700][gc           ] GC(2) Concurrent Cycle
[2021-12-07T22:05:39.404+0700][gc,marking   ] GC(2) Concurrent Clear Claimed Marks
[2021-12-07T22:05:39.404+0700][gc,marking   ] GC(2) Concurrent Clear Claimed Marks 0,045ms
[2021-12-07T22:05:39.404+0700][gc,marking   ] GC(2) Concurrent Scan Root Regions
[2021-12-07T22:05:39.405+0700][gc,marking   ] GC(2) Concurrent Scan Root Regions 0,850ms
[2021-12-07T22:05:39.405+0700][gc,marking   ] GC(2) Concurrent Mark (1,060s)
[2021-12-07T22:05:39.405+0700][gc,marking   ] GC(2) Concurrent Mark From Roots
[2021-12-07T22:05:39.405+0700][gc,task      ] GC(2) Using 2 workers of 2 for marking
[2021-12-07T22:05:39.409+0700][gc,marking   ] GC(2) Concurrent Mark From Roots 4,032ms
[2021-12-07T22:05:39.409+0700][gc,marking   ] GC(2) Concurrent Preclean
[2021-12-07T22:05:39.409+0700][gc,marking   ] GC(2) Concurrent Preclean 0,068ms
[2021-12-07T22:05:39.409+0700][gc,marking   ] GC(2) Concurrent Mark (1,060s, 1,065s) 4,138ms
[2021-12-07T22:05:39.409+0700][gc,start     ] GC(2) Pause Remark
[2021-12-07T22:05:39.411+0700][gc,stringtable] GC(2) Cleaned string and symbol table, strings: 5092 processed, 0 removed, symbols: 50250 processed, 41 removed
[2021-12-07T22:05:39.411+0700][gc            ] GC(2) Pause Remark 8M->8M(1024M) 1,931ms
[2021-12-07T22:05:39.411+0700][gc,cpu        ] GC(2) User=0,01s Sys=0,00s Real=0,01s
[2021-12-07T22:05:39.411+0700][gc,marking    ] GC(2) Concurrent Rebuild Remembered Sets
[2021-12-07T22:05:39.415+0700][gc,marking    ] GC(2) Concurrent Rebuild Remembered Sets 3,079ms
[2021-12-07T22:05:39.415+0700][gc,start      ] GC(2) Pause Cleanup
[2021-12-07T22:05:39.415+0700][gc            ] GC(2) Pause Cleanup 8M->8M(1024M) 0,219ms
[2021-12-07T22:05:39.415+0700][gc,cpu        ] GC(2) User=0,00s Sys=0,00s Real=0,00s
[2021-12-07T22:05:39.415+0700][gc,marking    ] GC(2) Concurrent Cleanup for Next Mark
[2021-12-07T22:05:39.418+0700][gc,marking    ] GC(2) Concurrent Cleanup for Next Mark 3,309ms
[2021-12-07T22:05:39.418+0700][gc            ] GC(2) Concurrent Cycle 13,928ms
[2021-12-07T22:05:43.246+0700][gc,heap,exit  ] Heap
[2021-12-07T22:05:43.246+0700][gc,heap,exit  ]  garbage-first heap   total 1048576K, used 13532K [0x00000000c0000000, 0x0000000100000000)
[2021-12-07T22:05:43.246+0700][gc,heap,exit  ]   region size 1024K, 8 young (8192K), 2 survivors (2048K)
[2021-12-07T22:05:43.246+0700][gc,heap,exit  ]  Metaspace       used 21176K, capacity 21818K, committed 22192K, reserved 1069056K
[2021-12-07T22:05:43.246+0700][gc,heap,exit  ]   class space    used 2659K, capacity 2945K, committed 3072K, reserved 1048576K
