[2021-12-05T01:11:25.642+0700][gc,heap] Heap region size: 1M
[2021-12-05T01:11:25.655+0700][gc     ] Using G1
[2021-12-05T01:11:25.655+0700][gc,heap,coops] Heap address: 0x00000000c0000000, size: 1024 MB, Compressed Oops mode: 32-bit
[2021-12-05T01:11:25.655+0700][gc,cds       ] Mark closed archive regions in map: [0x00000000fff00000, 0x00000000fff6aff8]
[2021-12-05T01:11:25.655+0700][gc,cds       ] Mark open archive regions in map: [0x00000000ffe00000, 0x00000000ffe46ff8]
[2021-12-05T01:11:26.344+0700][gc,start     ] GC(0) Pause Young (Normal) (G1 Evacuation Pause)
[2021-12-05T01:11:26.344+0700][gc,task      ] GC(0) Using 8 workers of 8 for evacuation
[2021-12-05T01:11:26.353+0700][gc,phases    ] GC(0)   Pre Evacuate Collection Set: 0,0ms
[2021-12-05T01:11:26.353+0700][gc,phases    ] GC(0)   Evacuate Collection Set: 7,9ms
[2021-12-05T01:11:26.353+0700][gc,phases    ] GC(0)   Post Evacuate Collection Set: 0,4ms
[2021-12-05T01:11:26.353+0700][gc,phases    ] GC(0)   Other: 0,7ms
[2021-12-05T01:11:26.353+0700][gc,heap      ] GC(0) Eden regions: 51->0(44)
[2021-12-05T01:11:26.353+0700][gc,heap      ] GC(0) Survivor regions: 0->7(7)
[2021-12-05T01:11:26.353+0700][gc,heap      ] GC(0) Old regions: 2->2
[2021-12-05T01:11:26.353+0700][gc,heap      ] GC(0) Humongous regions: 0->0
[2021-12-05T01:11:26.353+0700][gc,metaspace ] GC(0) Metaspace: 14831K->14831K(1062912K)
[2021-12-05T01:11:26.353+0700][gc           ] GC(0) Pause Young (Normal) (G1 Evacuation Pause) 51M->7M(1024M) 9,140ms
[2021-12-05T01:11:26.353+0700][gc,cpu       ] GC(0) User=0,05s Sys=0,01s Real=0,02s
[2021-12-05T01:11:26.700+0700][gc,start     ] GC(1) Pause Young (Concurrent Start) (Metadata GC Threshold)
[2021-12-05T01:11:26.700+0700][gc,task      ] GC(1) Using 8 workers of 8 for evacuation
[2021-12-05T01:11:26.708+0700][gc,phases    ] GC(1)   Pre Evacuate Collection Set: 0,0ms
[2021-12-05T01:11:26.708+0700][gc,phases    ] GC(1)   Evacuate Collection Set: 7,2ms
[2021-12-05T01:11:26.708+0700][gc,phases    ] GC(1)   Post Evacuate Collection Set: 0,3ms
[2021-12-05T01:11:26.708+0700][gc,phases    ] GC(1)   Other: 0,2ms
[2021-12-05T01:11:26.708+0700][gc,heap      ] GC(1) Eden regions: 24->0(49)
[2021-12-05T01:11:26.708+0700][gc,heap      ] GC(1) Survivor regions: 7->2(7)
[2021-12-05T01:11:26.708+0700][gc,heap      ] GC(1) Old regions: 2->9
[2021-12-05T01:11:26.708+0700][gc,heap      ] GC(1) Humongous regions: 0->0
[2021-12-05T01:11:26.708+0700][gc,metaspace ] GC(1) Metaspace: 20594K->20594K(1067008K)
[2021-12-05T01:11:26.708+0700][gc           ] GC(1) Pause Young (Concurrent Start) (Metadata GC Threshold) 31M->8M(1024M) 7,813ms
[2021-12-05T01:11:26.708+0700][gc,cpu       ] GC(1) User=0,03s Sys=0,01s Real=0,01s
[2021-12-05T01:11:26.708+0700][gc           ] GC(2) Concurrent Cycle
[2021-12-05T01:11:26.708+0700][gc,marking   ] GC(2) Concurrent Clear Claimed Marks
[2021-12-05T01:11:26.708+0700][gc,marking   ] GC(2) Concurrent Clear Claimed Marks 0,038ms
[2021-12-05T01:11:26.708+0700][gc,marking   ] GC(2) Concurrent Scan Root Regions
[2021-12-05T01:11:26.709+0700][gc,marking   ] GC(2) Concurrent Scan Root Regions 0,935ms
[2021-12-05T01:11:26.709+0700][gc,marking   ] GC(2) Concurrent Mark (1,073s)
[2021-12-05T01:11:26.709+0700][gc,marking   ] GC(2) Concurrent Mark From Roots
[2021-12-05T01:11:26.709+0700][gc,task      ] GC(2) Using 2 workers of 2 for marking
[2021-12-05T01:11:26.715+0700][gc,marking   ] GC(2) Concurrent Mark From Roots 5,793ms
[2021-12-05T01:11:26.715+0700][gc,marking   ] GC(2) Concurrent Preclean
[2021-12-05T01:11:26.715+0700][gc,marking   ] GC(2) Concurrent Preclean 0,071ms
[2021-12-05T01:11:26.715+0700][gc,marking   ] GC(2) Concurrent Mark (1,073s, 1,079s) 5,891ms
[2021-12-05T01:11:26.715+0700][gc,start     ] GC(2) Pause Remark
[2021-12-05T01:11:26.716+0700][gc,stringtable] GC(2) Cleaned string and symbol table, strings: 5181 processed, 0 removed, symbols: 50950 processed, 47 removed
[2021-12-05T01:11:26.717+0700][gc            ] GC(2) Pause Remark 9M->9M(1024M) 1,961ms
[2021-12-05T01:11:26.717+0700][gc,cpu        ] GC(2) User=0,01s Sys=0,00s Real=0,00s
[2021-12-05T01:11:26.717+0700][gc,marking    ] GC(2) Concurrent Rebuild Remembered Sets
[2021-12-05T01:11:26.720+0700][gc,marking    ] GC(2) Concurrent Rebuild Remembered Sets 2,929ms
[2021-12-05T01:11:26.720+0700][gc,start      ] GC(2) Pause Cleanup
[2021-12-05T01:11:26.720+0700][gc            ] GC(2) Pause Cleanup 10M->10M(1024M) 0,147ms
[2021-12-05T01:11:26.720+0700][gc,cpu        ] GC(2) User=0,00s Sys=0,00s Real=0,00s
[2021-12-05T01:11:26.720+0700][gc,marking    ] GC(2) Concurrent Cleanup for Next Mark
[2021-12-05T01:11:26.723+0700][gc,marking    ] GC(2) Concurrent Cleanup for Next Mark 3,506ms
[2021-12-05T01:11:26.723+0700][gc            ] GC(2) Concurrent Cycle 15,647ms
[2021-12-05T01:11:27.210+0700][gc,start      ] GC(3) Pause Young (Normal) (G1 Evacuation Pause)
[2021-12-05T01:11:27.210+0700][gc,task       ] GC(3) Using 8 workers of 8 for evacuation
[2021-12-05T01:11:27.214+0700][gc,phases     ] GC(3)   Pre Evacuate Collection Set: 0,0ms
[2021-12-05T01:11:27.214+0700][gc,phases     ] GC(3)   Evacuate Collection Set: 3,2ms
[2021-12-05T01:11:27.214+0700][gc,phases     ] GC(3)   Post Evacuate Collection Set: 0,4ms
[2021-12-05T01:11:27.214+0700][gc,phases     ] GC(3)   Other: 0,1ms
[2021-12-05T01:11:27.214+0700][gc,heap       ] GC(3) Eden regions: 49->0(46)
[2021-12-05T01:11:27.214+0700][gc,heap       ] GC(3) Survivor regions: 2->5(7)
[2021-12-05T01:11:27.214+0700][gc,heap       ] GC(3) Old regions: 9->9
[2021-12-05T01:11:27.214+0700][gc,heap       ] GC(3) Humongous regions: 129->129
[2021-12-05T01:11:27.214+0700][gc,metaspace  ] GC(3) Metaspace: 29048K->29048K(1075200K)
[2021-12-05T01:11:27.214+0700][gc            ] GC(3) Pause Young (Normal) (G1 Evacuation Pause) 186M->140M(1024M) 3,785ms
[2021-12-05T01:11:27.214+0700][gc,cpu        ] GC(3) User=0,02s Sys=0,00s Real=0,01s
[2021-12-05T01:11:27.424+0700][gc,start      ] GC(4) Pause Young (Concurrent Start) (Metadata GC Threshold)
[2021-12-05T01:11:27.424+0700][gc,task       ] GC(4) Using 8 workers of 8 for evacuation
[2021-12-05T01:11:27.430+0700][gc,phases     ] GC(4)   Pre Evacuate Collection Set: 0,1ms
[2021-12-05T01:11:27.430+0700][gc,phases     ] GC(4)   Evacuate Collection Set: 5,3ms
[2021-12-05T01:11:27.430+0700][gc,phases     ] GC(4)   Post Evacuate Collection Set: 0,4ms
[2021-12-05T01:11:27.430+0700][gc,phases     ] GC(4)   Other: 0,2ms
[2021-12-05T01:11:27.430+0700][gc,heap       ] GC(4) Eden regions: 26->0(49)
[2021-12-05T01:11:27.430+0700][gc,heap       ] GC(4) Survivor regions: 5->2(7)
[2021-12-05T01:11:27.430+0700][gc,heap       ] GC(4) Old regions: 9->13
[2021-12-05T01:11:27.430+0700][gc,heap       ] GC(4) Humongous regions: 129->129
[2021-12-05T01:11:27.430+0700][gc,metaspace  ] GC(4) Metaspace: 34594K->34594K(1081344K)
[2021-12-05T01:11:27.430+0700][gc            ] GC(4) Pause Young (Concurrent Start) (Metadata GC Threshold) 166M->142M(1024M) 6,040ms
[2021-12-05T01:11:27.430+0700][gc,cpu        ] GC(4) User=0,03s Sys=0,01s Real=0,01s
[2021-12-05T01:11:27.430+0700][gc            ] GC(5) Concurrent Cycle
[2021-12-05T01:11:27.430+0700][gc,marking    ] GC(5) Concurrent Clear Claimed Marks
[2021-12-05T01:11:27.430+0700][gc,marking    ] GC(5) Concurrent Clear Claimed Marks 0,092ms
[2021-12-05T01:11:27.430+0700][gc,marking    ] GC(5) Concurrent Scan Root Regions
[2021-12-05T01:11:27.431+0700][gc,marking    ] GC(5) Concurrent Scan Root Regions 1,054ms
[2021-12-05T01:11:27.431+0700][gc,marking    ] GC(5) Concurrent Mark (1,795s)
[2021-12-05T01:11:27.431+0700][gc,marking    ] GC(5) Concurrent Mark From Roots
[2021-12-05T01:11:27.431+0700][gc,task       ] GC(5) Using 2 workers of 2 for marking
[2021-12-05T01:11:27.444+0700][gc,marking    ] GC(5) Concurrent Mark From Roots 13,062ms
[2021-12-05T01:11:27.445+0700][gc,marking    ] GC(5) Concurrent Preclean
[2021-12-05T01:11:27.445+0700][gc,marking    ] GC(5) Concurrent Preclean 0,113ms
[2021-12-05T01:11:27.445+0700][gc,marking    ] GC(5) Concurrent Mark (1,795s, 1,809s) 13,231ms
[2021-12-05T01:11:27.445+0700][gc,start      ] GC(5) Pause Remark
[2021-12-05T01:11:27.453+0700][gc,stringtable] GC(5) Cleaned string and symbol table, strings: 10880 processed, 9 removed, symbols: 84066 processed, 15 removed
[2021-12-05T01:11:27.454+0700][gc            ] GC(5) Pause Remark 145M->145M(1024M) 8,862ms
[2021-12-05T01:11:27.454+0700][gc,cpu        ] GC(5) User=0,04s Sys=0,00s Real=0,01s
[2021-12-05T01:11:27.454+0700][gc,marking    ] GC(5) Concurrent Rebuild Remembered Sets
[2021-12-05T01:11:27.461+0700][gc,marking    ] GC(5) Concurrent Rebuild Remembered Sets 6,941ms
[2021-12-05T01:11:27.461+0700][gc,start      ] GC(5) Pause Cleanup
[2021-12-05T01:11:27.461+0700][gc            ] GC(5) Pause Cleanup 146M->146M(1024M) 0,138ms
[2021-12-05T01:11:27.461+0700][gc,cpu        ] GC(5) User=0,00s Sys=0,00s Real=0,00s
[2021-12-05T01:11:27.461+0700][gc,marking    ] GC(5) Concurrent Cleanup for Next Mark
[2021-12-05T01:11:27.467+0700][gc,marking    ] GC(5) Concurrent Cleanup for Next Mark 5,832ms
[2021-12-05T01:11:27.467+0700][gc            ] GC(5) Concurrent Cycle 36,633ms
[2021-12-05T01:23:12.039+0700][gc,start      ] GC(6) Pause Young (Concurrent Start) (G1 Evacuation Pause)
[2021-12-05T01:23:12.039+0700][gc,task       ] GC(6) Using 8 workers of 8 for evacuation
[2021-12-05T01:23:12.044+0700][gc,phases     ] GC(6)   Pre Evacuate Collection Set: 0,2ms
[2021-12-05T01:23:12.044+0700][gc,phases     ] GC(6)   Evacuate Collection Set: 5,0ms
[2021-12-05T01:23:12.044+0700][gc,phases     ] GC(6)   Post Evacuate Collection Set: 0,5ms
[2021-12-05T01:23:12.045+0700][gc,phases     ] GC(6)   Other: 0,2ms
[2021-12-05T01:23:12.045+0700][gc,heap       ] GC(6) Eden regions: 49->0(46)
[2021-12-05T01:23:12.045+0700][gc,heap       ] GC(6) Survivor regions: 2->5(7)
[2021-12-05T01:23:12.045+0700][gc,heap       ] GC(6) Old regions: 13->13
[2021-12-05T01:23:12.045+0700][gc,heap       ] GC(6) Humongous regions: 129->129
[2021-12-05T01:23:12.045+0700][gc,metaspace  ] GC(6) Metaspace: 40755K->40755K(1085440K)
[2021-12-05T01:23:12.045+0700][gc            ] GC(6) Pause Young (Concurrent Start) (G1 Evacuation Pause) 191M->144M(1024M) 5,958ms
[2021-12-05T01:23:12.045+0700][gc,cpu        ] GC(6) User=0,03s Sys=0,00s Real=0,00s
[2021-12-05T01:23:12.045+0700][gc            ] GC(7) Concurrent Cycle
[2021-12-05T01:23:12.045+0700][gc,marking    ] GC(7) Concurrent Clear Claimed Marks
[2021-12-05T01:23:12.045+0700][gc,marking    ] GC(7) Concurrent Clear Claimed Marks 0,160ms
[2021-12-05T01:23:12.045+0700][gc,marking    ] GC(7) Concurrent Scan Root Regions
[2021-12-05T01:23:12.047+0700][gc,marking    ] GC(7) Concurrent Scan Root Regions 2,034ms
[2021-12-05T01:23:12.047+0700][gc,marking    ] GC(7) Concurrent Mark (706,411s)
[2021-12-05T01:23:12.047+0700][gc,marking    ] GC(7) Concurrent Mark From Roots
[2021-12-05T01:23:12.047+0700][gc,task       ] GC(7) Using 2 workers of 2 for marking
[2021-12-05T01:23:12.060+0700][gc,marking    ] GC(7) Concurrent Mark From Roots 13,260ms
[2021-12-05T01:23:12.060+0700][gc,marking    ] GC(7) Concurrent Preclean
[2021-12-05T01:23:12.060+0700][gc,marking    ] GC(7) Concurrent Preclean 0,095ms
[2021-12-05T01:23:12.060+0700][gc,marking    ] GC(7) Concurrent Mark (706,411s, 706,424s) 13,389ms
[2021-12-05T01:23:12.060+0700][gc,start      ] GC(7) Pause Remark
[2021-12-05T01:23:12.063+0700][gc,stringtable] GC(7) Cleaned string and symbol table, strings: 12172 processed, 5 removed, symbols: 89963 processed, 5 removed
[2021-12-05T01:23:12.063+0700][gc            ] GC(7) Pause Remark 146M->146M(1024M) 2,696ms
[2021-12-05T01:23:12.063+0700][gc,cpu        ] GC(7) User=0,02s Sys=0,00s Real=0,00s
[2021-12-05T01:23:12.063+0700][gc,marking    ] GC(7) Concurrent Rebuild Remembered Sets
[2021-12-05T01:23:12.068+0700][gc,marking    ] GC(7) Concurrent Rebuild Remembered Sets 4,800ms
[2021-12-05T01:23:12.068+0700][gc,start      ] GC(7) Pause Cleanup
[2021-12-05T01:23:12.068+0700][gc            ] GC(7) Pause Cleanup 146M->146M(1024M) 0,135ms
[2021-12-05T01:23:12.068+0700][gc,cpu        ] GC(7) User=0,00s Sys=0,00s Real=0,00s
[2021-12-05T01:23:12.068+0700][gc,marking    ] GC(7) Concurrent Cleanup for Next Mark
[2021-12-05T01:23:12.069+0700][gc,marking    ] GC(7) Concurrent Cleanup for Next Mark 0,801ms
[2021-12-05T01:23:12.069+0700][gc            ] GC(7) Concurrent Cycle 24,419ms
[2021-12-05T01:34:53.734+0700][gc,start      ] GC(8) Pause Young (Normal) (G1 Evacuation Pause)
[2021-12-05T01:34:53.734+0700][gc,task       ] GC(8) Using 8 workers of 8 for evacuation
[2021-12-05T01:34:53.753+0700][gc,phases     ] GC(8)   Pre Evacuate Collection Set: 0,1ms
[2021-12-05T01:34:53.753+0700][gc,phases     ] GC(8)   Evacuate Collection Set: 16,3ms
[2021-12-05T01:34:53.753+0700][gc,phases     ] GC(8)   Post Evacuate Collection Set: 2,1ms
[2021-12-05T01:34:53.753+0700][gc,phases     ] GC(8)   Other: 0,4ms
[2021-12-05T01:34:53.753+0700][gc,heap       ] GC(8) Eden regions: 46->0(45)
[2021-12-05T01:34:53.753+0700][gc,heap       ] GC(8) Survivor regions: 5->6(7)
[2021-12-05T01:34:53.753+0700][gc,heap       ] GC(8) Old regions: 13->15
[2021-12-05T01:34:53.753+0700][gc,heap       ] GC(8) Humongous regions: 129->129
[2021-12-05T01:34:53.753+0700][gc,metaspace  ] GC(8) Metaspace: 43750K->43750K(1089536K)
[2021-12-05T01:34:53.753+0700][gc            ] GC(8) Pause Young (Normal) (G1 Evacuation Pause) 190M->147M(1024M) 19,230ms
[2021-12-05T01:34:53.753+0700][gc,cpu        ] GC(8) User=0,13s Sys=0,00s Real=0,02s
[2021-12-05T01:43:12.649+0700][gc,start      ] GC(9) Pause Young (Normal) (G1 Evacuation Pause)
[2021-12-05T01:43:12.649+0700][gc,task       ] GC(9) Using 8 workers of 8 for evacuation
[2021-12-05T01:43:12.653+0700][gc,phases     ] GC(9)   Pre Evacuate Collection Set: 0,0ms
[2021-12-05T01:43:12.653+0700][gc,phases     ] GC(9)   Evacuate Collection Set: 3,3ms
[2021-12-05T01:43:12.653+0700][gc,phases     ] GC(9)   Post Evacuate Collection Set: 0,5ms
[2021-12-05T01:43:12.653+0700][gc,phases     ] GC(9)   Other: 0,2ms
[2021-12-05T01:43:12.653+0700][gc,heap       ] GC(9) Eden regions: 45->0(47)
[2021-12-05T01:43:12.653+0700][gc,heap       ] GC(9) Survivor regions: 6->4(7)
[2021-12-05T01:43:12.653+0700][gc,heap       ] GC(9) Old regions: 15->17
[2021-12-05T01:43:12.653+0700][gc,heap       ] GC(9) Humongous regions: 129->129
[2021-12-05T01:43:12.653+0700][gc,metaspace  ] GC(9) Metaspace: 44185K->44185K(1089536K)
[2021-12-05T01:43:12.654+0700][gc            ] GC(9) Pause Young (Normal) (G1 Evacuation Pause) 192M->147M(1024M) 4,102ms
[2021-12-05T01:43:12.654+0700][gc,cpu        ] GC(9) User=0,02s Sys=0,00s Real=0,01s
[2021-12-05T01:44:38.048+0700][gc,heap,exit  ] Heap
[2021-12-05T01:44:38.048+0700][gc,heap,exit  ]  garbage-first heap   total 1048576K, used 165571K [0x00000000c0000000, 0x0000000100000000)
[2021-12-05T01:44:38.048+0700][gc,heap,exit  ]   region size 1024K, 20 young (20480K), 4 survivors (4096K)
[2021-12-05T01:44:38.048+0700][gc,heap,exit  ]  Metaspace       used 45063K, capacity 48019K, committed 48280K, reserved 1089536K
[2021-12-05T01:44:38.048+0700][gc,heap,exit  ]   class space    used 6036K, capacity 7523K, committed 7576K, reserved 1048576K
