[2021-12-07T22:05:30.538+0700][gc,heap] Heap region size: 1M
[2021-12-07T22:05:30.544+0700][gc     ] Using G1
[2021-12-07T22:05:30.544+0700][gc,heap,coops] Heap address: 0x00000000c0000000, size: 1024 MB, Compressed Oops mode: 32-bit
[2021-12-07T22:05:30.545+0700][gc,cds       ] Mark closed archive regions in map: [0x00000000fff00000, 0x00000000fff6aff8]
[2021-12-07T22:05:30.545+0700][gc,cds       ] Mark open archive regions in map: [0x00000000ffe00000, 0x00000000ffe46ff8]
[2021-12-07T22:05:31.262+0700][gc,start     ] GC(0) Pause Young (Normal) (G1 Evacuation Pause)
[2021-12-07T22:05:31.263+0700][gc,task      ] GC(0) Using 8 workers of 8 for evacuation
[2021-12-07T22:05:31.274+0700][gc,phases    ] GC(0)   Pre Evacuate Collection Set: 0,0ms
[2021-12-07T22:05:31.274+0700][gc,phases    ] GC(0)   Evacuate Collection Set: 9,8ms
[2021-12-07T22:05:31.274+0700][gc,phases    ] GC(0)   Post Evacuate Collection Set: 0,8ms
[2021-12-07T22:05:31.274+0700][gc,phases    ] GC(0)   Other: 0,9ms
[2021-12-07T22:05:31.274+0700][gc,heap      ] GC(0) Eden regions: 51->0(44)
[2021-12-07T22:05:31.274+0700][gc,heap      ] GC(0) Survivor regions: 0->7(7)
[2021-12-07T22:05:31.274+0700][gc,heap      ] GC(0) Old regions: 2->2
[2021-12-07T22:05:31.274+0700][gc,heap      ] GC(0) Humongous regions: 0->0
[2021-12-07T22:05:31.274+0700][gc,metaspace ] GC(0) Metaspace: 14826K->14826K(1062912K)
[2021-12-07T22:05:31.274+0700][gc           ] GC(0) Pause Young (Normal) (G1 Evacuation Pause) 51M->7M(1024M) 11,648ms
[2021-12-07T22:05:31.274+0700][gc,cpu       ] GC(0) User=0,07s Sys=0,00s Real=0,01s
[2021-12-07T22:05:31.543+0700][gc,start     ] GC(1) Pause Young (Concurrent Start) (Metadata GC Threshold)
[2021-12-07T22:05:31.543+0700][gc,task      ] GC(1) Using 8 workers of 8 for evacuation
[2021-12-07T22:05:31.551+0700][gc,phases    ] GC(1)   Pre Evacuate Collection Set: 0,1ms
[2021-12-07T22:05:31.551+0700][gc,phases    ] GC(1)   Evacuate Collection Set: 8,0ms
[2021-12-07T22:05:31.551+0700][gc,phases    ] GC(1)   Post Evacuate Collection Set: 0,4ms
[2021-12-07T22:05:31.551+0700][gc,phases    ] GC(1)   Other: 0,2ms
[2021-12-07T22:05:31.551+0700][gc,heap      ] GC(1) Eden regions: 23->0(49)
[2021-12-07T22:05:31.551+0700][gc,heap      ] GC(1) Survivor regions: 7->2(7)
[2021-12-07T22:05:31.551+0700][gc,heap      ] GC(1) Old regions: 2->9
[2021-12-07T22:05:31.551+0700][gc,heap      ] GC(1) Humongous regions: 0->0
[2021-12-07T22:05:31.551+0700][gc,metaspace ] GC(1) Metaspace: 20402K->20402K(1067008K)
[2021-12-07T22:05:31.551+0700][gc           ] GC(1) Pause Young (Concurrent Start) (Metadata GC Threshold) 30M->8M(1024M) 8,811ms
[2021-12-07T22:05:31.551+0700][gc,cpu       ] GC(1) User=0,04s Sys=0,00s Real=0,01s
[2021-12-07T22:05:31.551+0700][gc           ] GC(2) Concurrent Cycle
[2021-12-07T22:05:31.551+0700][gc,marking   ] GC(2) Concurrent Clear Claimed Marks
[2021-12-07T22:05:31.552+0700][gc,marking   ] GC(2) Concurrent Clear Claimed Marks 0,059ms
[2021-12-07T22:05:31.552+0700][gc,marking   ] GC(2) Concurrent Scan Root Regions
[2021-12-07T22:05:31.553+0700][gc,marking   ] GC(2) Concurrent Scan Root Regions 1,401ms
[2021-12-07T22:05:31.553+0700][gc,marking   ] GC(2) Concurrent Mark (1,017s)
[2021-12-07T22:05:31.553+0700][gc,marking   ] GC(2) Concurrent Mark From Roots
[2021-12-07T22:05:31.553+0700][gc,task      ] GC(2) Using 2 workers of 2 for marking
[2021-12-07T22:05:31.560+0700][gc,marking   ] GC(2) Concurrent Mark From Roots 6,501ms
[2021-12-07T22:05:31.560+0700][gc,marking   ] GC(2) Concurrent Preclean
[2021-12-07T22:05:31.560+0700][gc,marking   ] GC(2) Concurrent Preclean 0,071ms
[2021-12-07T22:05:31.560+0700][gc,marking   ] GC(2) Concurrent Mark (1,017s, 1,024s) 6,611ms
[2021-12-07T22:05:31.560+0700][gc,start     ] GC(2) Pause Remark
[2021-12-07T22:05:31.566+0700][gc,stringtable] GC(2) Cleaned string and symbol table, strings: 5057 processed, 0 removed, symbols: 50201 processed, 41 removed
[2021-12-07T22:05:31.566+0700][gc            ] GC(2) Pause Remark 9M->9M(1024M) 5,695ms
[2021-12-07T22:05:31.566+0700][gc,cpu        ] GC(2) User=0,03s Sys=0,00s Real=0,01s
[2021-12-07T22:05:31.566+0700][gc,marking    ] GC(2) Concurrent Rebuild Remembered Sets
[2021-12-07T22:05:31.569+0700][gc,marking    ] GC(2) Concurrent Rebuild Remembered Sets 2,796ms
[2021-12-07T22:05:31.569+0700][gc,start      ] GC(2) Pause Cleanup
[2021-12-07T22:05:31.569+0700][gc            ] GC(2) Pause Cleanup 9M->9M(1024M) 0,177ms
[2021-12-07T22:05:31.569+0700][gc,cpu        ] GC(2) User=0,00s Sys=0,00s Real=0,00s
[2021-12-07T22:05:31.569+0700][gc,marking    ] GC(2) Concurrent Cleanup for Next Mark
[2021-12-07T22:05:31.572+0700][gc,marking    ] GC(2) Concurrent Cleanup for Next Mark 3,000ms
[2021-12-07T22:05:31.572+0700][gc            ] GC(2) Concurrent Cycle 20,600ms
[2021-12-07T22:05:32.118+0700][gc,start      ] GC(3) Pause Young (Normal) (G1 Evacuation Pause)
[2021-12-07T22:05:32.118+0700][gc,task       ] GC(3) Using 8 workers of 8 for evacuation
[2021-12-07T22:05:32.122+0700][gc,phases     ] GC(3)   Pre Evacuate Collection Set: 0,0ms
[2021-12-07T22:05:32.122+0700][gc,phases     ] GC(3)   Evacuate Collection Set: 3,6ms
[2021-12-07T22:05:32.122+0700][gc,phases     ] GC(3)   Post Evacuate Collection Set: 0,3ms
[2021-12-07T22:05:32.122+0700][gc,phases     ] GC(3)   Other: 0,1ms
[2021-12-07T22:05:32.122+0700][gc,heap       ] GC(3) Eden regions: 49->0(46)
[2021-12-07T22:05:32.122+0700][gc,heap       ] GC(3) Survivor regions: 2->5(7)
[2021-12-07T22:05:32.122+0700][gc,heap       ] GC(3) Old regions: 9->9
[2021-12-07T22:05:32.122+0700][gc,heap       ] GC(3) Humongous regions: 129->129
[2021-12-07T22:05:32.122+0700][gc,metaspace  ] GC(3) Metaspace: 29036K->29036K(1075200K)
[2021-12-07T22:05:32.122+0700][gc            ] GC(3) Pause Young (Normal) (G1 Evacuation Pause) 186M->140M(1024M) 4,088ms
[2021-12-07T22:05:32.122+0700][gc,cpu        ] GC(3) User=0,02s Sys=0,00s Real=0,01s
[2021-12-07T22:05:32.386+0700][gc,start      ] GC(4) Pause Young (Concurrent Start) (Metadata GC Threshold)
[2021-12-07T22:05:32.386+0700][gc,task       ] GC(4) Using 8 workers of 8 for evacuation
[2021-12-07T22:05:32.391+0700][gc,phases     ] GC(4)   Pre Evacuate Collection Set: 0,1ms
[2021-12-07T22:05:32.391+0700][gc,phases     ] GC(4)   Evacuate Collection Set: 4,4ms
[2021-12-07T22:05:32.391+0700][gc,phases     ] GC(4)   Post Evacuate Collection Set: 0,5ms
[2021-12-07T22:05:32.391+0700][gc,phases     ] GC(4)   Other: 0,2ms
[2021-12-07T22:05:32.391+0700][gc,heap       ] GC(4) Eden regions: 25->0(45)
[2021-12-07T22:05:32.391+0700][gc,heap       ] GC(4) Survivor regions: 5->6(7)
[2021-12-07T22:05:32.391+0700][gc,heap       ] GC(4) Old regions: 9->10
[2021-12-07T22:05:32.391+0700][gc,heap       ] GC(4) Humongous regions: 129->129
[2021-12-07T22:05:32.391+0700][gc,metaspace  ] GC(4) Metaspace: 34196K->34196K(1081344K)
[2021-12-07T22:05:32.391+0700][gc            ] GC(4) Pause Young (Concurrent Start) (Metadata GC Threshold) 165M->142M(1024M) 5,223ms
[2021-12-07T22:05:32.391+0700][gc,cpu        ] GC(4) User=0,02s Sys=0,00s Real=0,01s
[2021-12-07T22:05:32.391+0700][gc            ] GC(5) Concurrent Cycle
[2021-12-07T22:05:32.391+0700][gc,marking    ] GC(5) Concurrent Clear Claimed Marks
[2021-12-07T22:05:32.392+0700][gc,marking    ] GC(5) Concurrent Clear Claimed Marks 0,128ms
[2021-12-07T22:05:32.392+0700][gc,marking    ] GC(5) Concurrent Scan Root Regions
[2021-12-07T22:05:32.394+0700][gc,marking    ] GC(5) Concurrent Scan Root Regions 1,919ms
[2021-12-07T22:05:32.394+0700][gc,marking    ] GC(5) Concurrent Mark (1,857s)
[2021-12-07T22:05:32.394+0700][gc,marking    ] GC(5) Concurrent Mark From Roots
[2021-12-07T22:05:32.394+0700][gc,task       ] GC(5) Using 2 workers of 2 for marking
[2021-12-07T22:05:32.400+0700][gc,marking    ] GC(5) Concurrent Mark From Roots 6,714ms
[2021-12-07T22:05:32.400+0700][gc,marking    ] GC(5) Concurrent Preclean
[2021-12-07T22:05:32.400+0700][gc,marking    ] GC(5) Concurrent Preclean 0,071ms
[2021-12-07T22:05:32.400+0700][gc,marking    ] GC(5) Concurrent Mark (1,857s, 1,864s) 6,823ms
[2021-12-07T22:05:32.400+0700][gc,start      ] GC(5) Pause Remark
[2021-12-07T22:05:32.404+0700][gc,stringtable] GC(5) Cleaned string and symbol table, strings: 10771 processed, 9 removed, symbols: 82884 processed, 19 removed
[2021-12-07T22:05:32.404+0700][gc            ] GC(5) Pause Remark 143M->143M(1024M) 3,869ms
[2021-12-07T22:05:32.404+0700][gc,cpu        ] GC(5) User=0,02s Sys=0,00s Real=0,01s
[2021-12-07T22:05:32.404+0700][gc,marking    ] GC(5) Concurrent Rebuild Remembered Sets
[2021-12-07T22:05:32.410+0700][gc,marking    ] GC(5) Concurrent Rebuild Remembered Sets 5,873ms
[2021-12-07T22:05:32.410+0700][gc,start      ] GC(5) Pause Cleanup
[2021-12-07T22:05:32.411+0700][gc            ] GC(5) Pause Cleanup 143M->143M(1024M) 0,181ms
[2021-12-07T22:05:32.411+0700][gc,cpu        ] GC(5) User=0,00s Sys=0,00s Real=0,00s
[2021-12-07T22:05:32.411+0700][gc,marking    ] GC(5) Concurrent Cleanup for Next Mark
[2021-12-07T22:05:32.418+0700][gc,marking    ] GC(5) Concurrent Cleanup for Next Mark 7,225ms
[2021-12-07T22:05:32.418+0700][gc            ] GC(5) Concurrent Cycle 26,506ms
[2021-12-07T22:20:30.787+0700][gc,start      ] GC(6) Pause Young (Normal) (G1 Evacuation Pause)
[2021-12-07T22:20:30.787+0700][gc,task       ] GC(6) Using 8 workers of 8 for evacuation
[2021-12-07T22:20:30.796+0700][gc,phases     ] GC(6)   Pre Evacuate Collection Set: 0,0ms
[2021-12-07T22:20:30.796+0700][gc,phases     ] GC(6)   Evacuate Collection Set: 8,0ms
[2021-12-07T22:20:30.796+0700][gc,phases     ] GC(6)   Post Evacuate Collection Set: 0,7ms
[2021-12-07T22:20:30.796+0700][gc,phases     ] GC(6)   Other: 0,3ms
[2021-12-07T22:20:30.796+0700][gc,heap       ] GC(6) Eden regions: 45->0(47)
[2021-12-07T22:20:30.796+0700][gc,heap       ] GC(6) Survivor regions: 6->4(7)
[2021-12-07T22:20:30.796+0700][gc,heap       ] GC(6) Old regions: 10->13
[2021-12-07T22:20:30.796+0700][gc,heap       ] GC(6) Humongous regions: 129->129
[2021-12-07T22:20:30.796+0700][gc,metaspace  ] GC(6) Metaspace: 40394K->40394K(1085440K)
[2021-12-07T22:20:30.796+0700][gc            ] GC(6) Pause Young (Normal) (G1 Evacuation Pause) 187M->143M(1024M) 9,149ms
[2021-12-07T22:20:30.796+0700][gc,cpu        ] GC(6) User=0,04s Sys=0,00s Real=0,01s
[2021-12-07T22:26:22.677+0700][gc,start      ] GC(7) Pause Young (Normal) (G1 Evacuation Pause)
[2021-12-07T22:26:22.678+0700][gc,task       ] GC(7) Using 8 workers of 8 for evacuation
[2021-12-07T22:26:22.699+0700][gc,mmu        ] GC(7) MMU target violated: 21,0ms (20,0ms/21,0ms)
[2021-12-07T22:26:22.699+0700][gc,phases     ] GC(7)   Pre Evacuate Collection Set: 0,1ms
[2021-12-07T22:26:22.699+0700][gc,phases     ] GC(7)   Evacuate Collection Set: 16,1ms
[2021-12-07T22:26:22.699+0700][gc,phases     ] GC(7)   Post Evacuate Collection Set: 4,8ms
[2021-12-07T22:26:22.699+0700][gc,phases     ] GC(7)   Other: 0,7ms
[2021-12-07T22:26:22.699+0700][gc,heap       ] GC(7) Eden regions: 47->0(45)
[2021-12-07T22:26:22.699+0700][gc,heap       ] GC(7) Survivor regions: 4->6(7)
[2021-12-07T22:26:22.699+0700][gc,heap       ] GC(7) Old regions: 13->13
[2021-12-07T22:26:22.699+0700][gc,heap       ] GC(7) Humongous regions: 129->129
[2021-12-07T22:26:22.699+0700][gc,metaspace  ] GC(7) Metaspace: 42772K->42772K(1087488K)
[2021-12-07T22:26:22.699+0700][gc            ] GC(7) Pause Young (Normal) (G1 Evacuation Pause) 190M->145M(1024M) 21,920ms
[2021-12-07T22:26:22.699+0700][gc,cpu        ] GC(7) User=0,12s Sys=0,01s Real=0,02s
[2021-12-07T22:33:41.452+0700][gc,start      ] GC(8) Pause Young (Normal) (G1 Evacuation Pause)
[2021-12-07T22:33:41.452+0700][gc,task       ] GC(8) Using 8 workers of 8 for evacuation
[2021-12-07T22:33:41.458+0700][gc,phases     ] GC(8)   Pre Evacuate Collection Set: 0,0ms
[2021-12-07T22:33:41.458+0700][gc,phases     ] GC(8)   Evacuate Collection Set: 4,8ms
[2021-12-07T22:33:41.458+0700][gc,phases     ] GC(8)   Post Evacuate Collection Set: 0,4ms
[2021-12-07T22:33:41.458+0700][gc,phases     ] GC(8)   Other: 0,9ms
[2021-12-07T22:33:41.458+0700][gc,heap       ] GC(8) Eden regions: 45->0(48)
[2021-12-07T22:33:41.458+0700][gc,heap       ] GC(8) Survivor regions: 6->3(7)
[2021-12-07T22:33:41.458+0700][gc,heap       ] GC(8) Old regions: 13->16
[2021-12-07T22:33:41.458+0700][gc,heap       ] GC(8) Humongous regions: 129->129
[2021-12-07T22:33:41.458+0700][gc,metaspace  ] GC(8) Metaspace: 42822K->42822K(1087488K)
[2021-12-07T22:33:41.458+0700][gc            ] GC(8) Pause Young (Normal) (G1 Evacuation Pause) 190M->145M(1024M) 6,162ms
[2021-12-07T22:33:41.458+0700][gc,cpu        ] GC(8) User=0,03s Sys=0,00s Real=0,00s
[2021-12-07T22:42:00.842+0700][gc,start      ] GC(9) Pause Young (Normal) (G1 Evacuation Pause)
[2021-12-07T22:42:00.842+0700][gc,task       ] GC(9) Using 8 workers of 8 for evacuation
[2021-12-07T22:42:00.849+0700][gc,phases     ] GC(9)   Pre Evacuate Collection Set: 0,1ms
[2021-12-07T22:42:00.849+0700][gc,phases     ] GC(9)   Evacuate Collection Set: 5,6ms
[2021-12-07T22:42:00.849+0700][gc,phases     ] GC(9)   Post Evacuate Collection Set: 1,0ms
[2021-12-07T22:42:00.849+0700][gc,phases     ] GC(9)   Other: 0,5ms
[2021-12-07T22:42:00.849+0700][gc,heap       ] GC(9) Eden regions: 48->0(55)
[2021-12-07T22:42:00.849+0700][gc,heap       ] GC(9) Survivor regions: 3->3(7)
[2021-12-07T22:42:00.849+0700][gc,heap       ] GC(9) Old regions: 16->16
[2021-12-07T22:42:00.849+0700][gc,heap       ] GC(9) Humongous regions: 129->129
[2021-12-07T22:42:00.849+0700][gc,metaspace  ] GC(9) Metaspace: 42899K->42899K(1087488K)
[2021-12-07T22:42:00.849+0700][gc            ] GC(9) Pause Young (Normal) (G1 Evacuation Pause) 193M->145M(1024M) 7,339ms
[2021-12-07T22:42:00.849+0700][gc,cpu        ] GC(9) User=0,04s Sys=0,00s Real=0,01s
[2021-12-07T22:52:00.841+0700][gc,start      ] GC(10) Pause Young (Normal) (G1 Evacuation Pause)
[2021-12-07T22:52:00.841+0700][gc,task       ] GC(10) Using 8 workers of 8 for evacuation
[2021-12-07T22:52:00.845+0700][gc,phases     ] GC(10)   Pre Evacuate Collection Set: 0,0ms
[2021-12-07T22:52:00.845+0700][gc,phases     ] GC(10)   Evacuate Collection Set: 2,6ms
[2021-12-07T22:52:00.845+0700][gc,phases     ] GC(10)   Post Evacuate Collection Set: 0,9ms
[2021-12-07T22:52:00.845+0700][gc,phases     ] GC(10)   Other: 0,1ms
[2021-12-07T22:52:00.845+0700][gc,heap       ] GC(10) Eden regions: 55->0(437)
[2021-12-07T22:52:00.845+0700][gc,heap       ] GC(10) Survivor regions: 3->3(8)
[2021-12-07T22:52:00.845+0700][gc,heap       ] GC(10) Old regions: 16->16
[2021-12-07T22:52:00.845+0700][gc,heap       ] GC(10) Humongous regions: 129->129
[2021-12-07T22:52:00.845+0700][gc,metaspace  ] GC(10) Metaspace: 42951K->42951K(1087488K)
[2021-12-07T22:52:00.845+0700][gc            ] GC(10) Pause Young (Normal) (G1 Evacuation Pause) 200M->145M(1024M) 3,691ms
[2021-12-07T22:52:00.845+0700][gc,cpu        ] GC(10) User=0,02s Sys=0,00s Real=0,01s
