[2021-12-07T21:48:55.482+0700][gc,heap] Heap region size: 1M
[2021-12-07T21:48:55.489+0700][gc     ] Using G1
[2021-12-07T21:48:55.489+0700][gc,heap,coops] Heap address: 0x00000000c0000000, size: 1024 MB, Compressed Oops mode: 32-bit
[2021-12-07T21:48:55.489+0700][gc,cds       ] Mark closed archive regions in map: [0x00000000fff00000, 0x00000000fff6aff8]
[2021-12-07T21:48:55.489+0700][gc,cds       ] Mark open archive regions in map: [0x00000000ffe00000, 0x00000000ffe46ff8]
[2021-12-07T21:48:56.190+0700][gc,start     ] GC(0) Pause Young (Normal) (G1 Evacuation Pause)
[2021-12-07T21:48:56.190+0700][gc,task      ] GC(0) Using 8 workers of 8 for evacuation
[2021-12-07T21:48:56.200+0700][gc,phases    ] GC(0)   Pre Evacuate Collection Set: 0,0ms
[2021-12-07T21:48:56.200+0700][gc,phases    ] GC(0)   Evacuate Collection Set: 9,0ms
[2021-12-07T21:48:56.200+0700][gc,phases    ] GC(0)   Post Evacuate Collection Set: 0,7ms
[2021-12-07T21:48:56.200+0700][gc,phases    ] GC(0)   Other: 0,5ms
[2021-12-07T21:48:56.200+0700][gc,heap      ] GC(0) Eden regions: 51->0(44)
[2021-12-07T21:48:56.200+0700][gc,heap      ] GC(0) Survivor regions: 0->7(7)
[2021-12-07T21:48:56.200+0700][gc,heap      ] GC(0) Old regions: 2->2
[2021-12-07T21:48:56.200+0700][gc,heap      ] GC(0) Humongous regions: 0->0
[2021-12-07T21:48:56.200+0700][gc,metaspace ] GC(0) Metaspace: 14809K->14809K(1062912K)
[2021-12-07T21:48:56.200+0700][gc           ] GC(0) Pause Young (Normal) (G1 Evacuation Pause) 51M->7M(1024M) 10,307ms
[2021-12-07T21:48:56.200+0700][gc,cpu       ] GC(0) User=0,05s Sys=0,00s Real=0,01s
[2021-12-07T21:48:56.507+0700][gc,start     ] GC(1) Pause Young (Concurrent Start) (Metadata GC Threshold)
[2021-12-07T21:48:56.507+0700][gc,task      ] GC(1) Using 8 workers of 8 for evacuation
[2021-12-07T21:48:56.515+0700][gc,phases    ] GC(1)   Pre Evacuate Collection Set: 0,0ms
[2021-12-07T21:48:56.515+0700][gc,phases    ] GC(1)   Evacuate Collection Set: 7,4ms
[2021-12-07T21:48:56.515+0700][gc,phases    ] GC(1)   Post Evacuate Collection Set: 0,4ms
[2021-12-07T21:48:56.515+0700][gc,phases    ] GC(1)   Other: 0,2ms
[2021-12-07T21:48:56.515+0700][gc,heap      ] GC(1) Eden regions: 24->0(49)
[2021-12-07T21:48:56.515+0700][gc,heap      ] GC(1) Survivor regions: 7->2(7)
[2021-12-07T21:48:56.515+0700][gc,heap      ] GC(1) Old regions: 2->9
[2021-12-07T21:48:56.515+0700][gc,heap      ] GC(1) Humongous regions: 0->0
[2021-12-07T21:48:56.515+0700][gc,metaspace ] GC(1) Metaspace: 20531K->20531K(1067008K)
[2021-12-07T21:48:56.515+0700][gc           ] GC(1) Pause Young (Concurrent Start) (Metadata GC Threshold) 31M->8M(1024M) 8,160ms
[2021-12-07T21:48:56.515+0700][gc,cpu       ] GC(1) User=0,04s Sys=0,00s Real=0,01s
[2021-12-07T21:48:56.515+0700][gc           ] GC(2) Concurrent Cycle
[2021-12-07T21:48:56.515+0700][gc,marking   ] GC(2) Concurrent Clear Claimed Marks
[2021-12-07T21:48:56.516+0700][gc,marking   ] GC(2) Concurrent Clear Claimed Marks 0,069ms
[2021-12-07T21:48:56.516+0700][gc,marking   ] GC(2) Concurrent Scan Root Regions
[2021-12-07T21:48:56.517+0700][gc,marking   ] GC(2) Concurrent Scan Root Regions 1,008ms
[2021-12-07T21:48:56.517+0700][gc,marking   ] GC(2) Concurrent Mark (1,056s)
[2021-12-07T21:48:56.517+0700][gc,marking   ] GC(2) Concurrent Mark From Roots
[2021-12-07T21:48:56.517+0700][gc,task      ] GC(2) Using 2 workers of 2 for marking
[2021-12-07T21:48:56.521+0700][gc,marking   ] GC(2) Concurrent Mark From Roots 4,282ms
[2021-12-07T21:48:56.521+0700][gc,marking   ] GC(2) Concurrent Preclean
[2021-12-07T21:48:56.521+0700][gc,marking   ] GC(2) Concurrent Preclean 0,150ms
[2021-12-07T21:48:56.521+0700][gc,marking   ] GC(2) Concurrent Mark (1,056s, 1,061s) 4,510ms
[2021-12-07T21:48:56.521+0700][gc,start     ] GC(2) Pause Remark
[2021-12-07T21:48:56.523+0700][gc,stringtable] GC(2) Cleaned string and symbol table, strings: 5096 processed, 0 removed, symbols: 50250 processed, 41 removed
[2021-12-07T21:48:56.523+0700][gc            ] GC(2) Pause Remark 8M->8M(1024M) 2,075ms
[2021-12-07T21:48:56.523+0700][gc,cpu        ] GC(2) User=0,01s Sys=0,00s Real=0,01s
[2021-12-07T21:48:56.523+0700][gc,marking    ] GC(2) Concurrent Rebuild Remembered Sets
[2021-12-07T21:48:56.526+0700][gc,marking    ] GC(2) Concurrent Rebuild Remembered Sets 2,245ms
[2021-12-07T21:48:56.526+0700][gc,start      ] GC(2) Pause Cleanup
[2021-12-07T21:48:56.526+0700][gc            ] GC(2) Pause Cleanup 8M->8M(1024M) 0,463ms
[2021-12-07T21:48:56.526+0700][gc,cpu        ] GC(2) User=0,01s Sys=0,00s Real=0,00s
[2021-12-07T21:48:56.526+0700][gc,marking    ] GC(2) Concurrent Cleanup for Next Mark
[2021-12-07T21:48:56.529+0700][gc,marking    ] GC(2) Concurrent Cleanup for Next Mark 2,716ms
[2021-12-07T21:48:56.529+0700][gc            ] GC(2) Concurrent Cycle 13,539ms
[2021-12-07T21:48:57.282+0700][gc,start      ] GC(3) Pause Young (Normal) (G1 Evacuation Pause)
[2021-12-07T21:48:57.282+0700][gc,task       ] GC(3) Using 8 workers of 8 for evacuation
[2021-12-07T21:48:57.284+0700][gc,phases     ] GC(3)   Pre Evacuate Collection Set: 0,0ms
[2021-12-07T21:48:57.284+0700][gc,phases     ] GC(3)   Evacuate Collection Set: 1,8ms
[2021-12-07T21:48:57.284+0700][gc,phases     ] GC(3)   Post Evacuate Collection Set: 0,4ms
[2021-12-07T21:48:57.284+0700][gc,phases     ] GC(3)   Other: 0,1ms
[2021-12-07T21:48:57.284+0700][gc,heap       ] GC(3) Eden regions: 49->0(48)
[2021-12-07T21:48:57.284+0700][gc,heap       ] GC(3) Survivor regions: 2->3(7)
[2021-12-07T21:48:57.284+0700][gc,heap       ] GC(3) Old regions: 9->9
[2021-12-07T21:48:57.284+0700][gc,heap       ] GC(3) Humongous regions: 129->129
[2021-12-07T21:48:57.284+0700][gc,metaspace  ] GC(3) Metaspace: 28838K->28838K(1075200K)
[2021-12-07T21:48:57.284+0700][gc            ] GC(3) Pause Young (Normal) (G1 Evacuation Pause) 186M->139M(1024M) 2,308ms
[2021-12-07T21:48:57.284+0700][gc,cpu        ] GC(3) User=0,01s Sys=0,00s Real=0,00s
[2021-12-07T21:48:57.610+0700][gc,start      ] GC(4) Pause Young (Concurrent Start) (Metadata GC Threshold)
[2021-12-07T21:48:57.610+0700][gc,task       ] GC(4) Using 8 workers of 8 for evacuation
[2021-12-07T21:48:57.618+0700][gc,phases     ] GC(4)   Pre Evacuate Collection Set: 0,1ms
[2021-12-07T21:48:57.618+0700][gc,phases     ] GC(4)   Evacuate Collection Set: 7,5ms
[2021-12-07T21:48:57.618+0700][gc,phases     ] GC(4)   Post Evacuate Collection Set: 0,4ms
[2021-12-07T21:48:57.618+0700][gc,phases     ] GC(4)   Other: 0,2ms
[2021-12-07T21:48:57.618+0700][gc,heap       ] GC(4) Eden regions: 36->0(44)
[2021-12-07T21:48:57.618+0700][gc,heap       ] GC(4) Survivor regions: 3->7(7)
[2021-12-07T21:48:57.618+0700][gc,heap       ] GC(4) Old regions: 9->9
[2021-12-07T21:48:57.618+0700][gc,heap       ] GC(4) Humongous regions: 129->129
[2021-12-07T21:48:57.618+0700][gc,metaspace  ] GC(4) Metaspace: 34580K->34580K(1081344K)
[2021-12-07T21:48:57.618+0700][gc            ] GC(4) Pause Young (Concurrent Start) (Metadata GC Threshold) 174M->142M(1024M) 8,298ms
[2021-12-07T21:48:57.618+0700][gc,cpu        ] GC(4) User=0,04s Sys=0,00s Real=0,00s
[2021-12-07T21:48:57.618+0700][gc            ] GC(5) Concurrent Cycle
[2021-12-07T21:48:57.618+0700][gc,marking    ] GC(5) Concurrent Clear Claimed Marks
[2021-12-07T21:48:57.618+0700][gc,marking    ] GC(5) Concurrent Clear Claimed Marks 0,050ms
[2021-12-07T21:48:57.618+0700][gc,marking    ] GC(5) Concurrent Scan Root Regions
[2021-12-07T21:48:57.623+0700][gc,marking    ] GC(5) Concurrent Scan Root Regions 4,489ms
[2021-12-07T21:48:57.623+0700][gc,marking    ] GC(5) Concurrent Mark (2,163s)
[2021-12-07T21:48:57.623+0700][gc,marking    ] GC(5) Concurrent Mark From Roots
[2021-12-07T21:48:57.623+0700][gc,task       ] GC(5) Using 2 workers of 2 for marking
[2021-12-07T21:48:57.629+0700][gc,marking    ] GC(5) Concurrent Mark From Roots 5,849ms
[2021-12-07T21:48:57.629+0700][gc,marking    ] GC(5) Concurrent Preclean
[2021-12-07T21:48:57.629+0700][gc,marking    ] GC(5) Concurrent Preclean 0,087ms
[2021-12-07T21:48:57.629+0700][gc,marking    ] GC(5) Concurrent Mark (2,163s, 2,169s) 5,985ms
[2021-12-07T21:48:57.629+0700][gc,start      ] GC(5) Pause Remark
[2021-12-07T21:48:57.631+0700][gc,stringtable] GC(5) Cleaned string and symbol table, strings: 11048 processed, 10 removed, symbols: 81462 processed, 18 removed
[2021-12-07T21:48:57.632+0700][gc            ] GC(5) Pause Remark 143M->143M(1024M) 2,444ms
[2021-12-07T21:48:57.632+0700][gc,cpu        ] GC(5) User=0,01s Sys=0,00s Real=0,01s
[2021-12-07T21:48:57.632+0700][gc,marking    ] GC(5) Concurrent Rebuild Remembered Sets
[2021-12-07T21:48:57.635+0700][gc,marking    ] GC(5) Concurrent Rebuild Remembered Sets 3,289ms
[2021-12-07T21:48:57.636+0700][gc,start      ] GC(5) Pause Cleanup
[2021-12-07T21:48:57.636+0700][gc            ] GC(5) Pause Cleanup 144M->144M(1024M) 0,178ms
[2021-12-07T21:48:57.636+0700][gc,cpu        ] GC(5) User=0,00s Sys=0,00s Real=0,00s
[2021-12-07T21:48:57.636+0700][gc,marking    ] GC(5) Concurrent Cleanup for Next Mark
[2021-12-07T21:48:57.639+0700][gc,marking    ] GC(5) Concurrent Cleanup for Next Mark 3,210ms
[2021-12-07T21:48:57.639+0700][gc            ] GC(5) Concurrent Cycle 20,893ms
[2021-12-07T21:53:42.260+0700][gc,start      ] GC(6) Pause Young (Concurrent Start) (G1 Evacuation Pause)
[2021-12-07T21:53:42.260+0700][gc,task       ] GC(6) Using 8 workers of 8 for evacuation
[2021-12-07T21:53:42.267+0700][gc,phases     ] GC(6)   Pre Evacuate Collection Set: 0,1ms
[2021-12-07T21:53:42.267+0700][gc,phases     ] GC(6)   Evacuate Collection Set: 5,6ms
[2021-12-07T21:53:42.267+0700][gc,phases     ] GC(6)   Post Evacuate Collection Set: 0,7ms
[2021-12-07T21:53:42.267+0700][gc,phases     ] GC(6)   Other: 0,2ms
[2021-12-07T21:53:42.267+0700][gc,heap       ] GC(6) Eden regions: 44->0(45)
[2021-12-07T21:53:42.267+0700][gc,heap       ] GC(6) Survivor regions: 7->6(7)
[2021-12-07T21:53:42.267+0700][gc,heap       ] GC(6) Old regions: 9->12
[2021-12-07T21:53:42.267+0700][gc,heap       ] GC(6) Humongous regions: 141->129
[2021-12-07T21:53:42.267+0700][gc,metaspace  ] GC(6) Metaspace: 40741K->40741K(1085440K)
[2021-12-07T21:53:42.267+0700][gc            ] GC(6) Pause Young (Concurrent Start) (G1 Evacuation Pause) 198M->144M(1024M) 6,647ms
[2021-12-07T21:53:42.267+0700][gc,cpu        ] GC(6) User=0,03s Sys=0,00s Real=0,01s
[2021-12-07T21:53:42.267+0700][gc            ] GC(7) Concurrent Cycle
[2021-12-07T21:53:42.267+0700][gc,marking    ] GC(7) Concurrent Clear Claimed Marks
[2021-12-07T21:53:42.267+0700][gc,marking    ] GC(7) Concurrent Clear Claimed Marks 0,153ms
[2021-12-07T21:53:42.267+0700][gc,marking    ] GC(7) Concurrent Scan Root Regions
[2021-12-07T21:53:42.269+0700][gc,marking    ] GC(7) Concurrent Scan Root Regions 2,081ms
[2021-12-07T21:53:42.269+0700][gc,marking    ] GC(7) Concurrent Mark (286,809s)
[2021-12-07T21:53:42.269+0700][gc,marking    ] GC(7) Concurrent Mark From Roots
[2021-12-07T21:53:42.269+0700][gc,task       ] GC(7) Using 2 workers of 2 for marking
[2021-12-07T21:53:42.276+0700][gc,marking    ] GC(7) Concurrent Mark From Roots 6,751ms
[2021-12-07T21:53:42.276+0700][gc,marking    ] GC(7) Concurrent Preclean
[2021-12-07T21:53:42.276+0700][gc,marking    ] GC(7) Concurrent Preclean 0,093ms
[2021-12-07T21:53:42.276+0700][gc,marking    ] GC(7) Concurrent Mark (286,809s, 286,816s) 6,880ms
[2021-12-07T21:53:42.276+0700][gc,start      ] GC(7) Pause Remark
[2021-12-07T21:53:42.279+0700][gc,stringtable] GC(7) Cleaned string and symbol table, strings: 12175 processed, 1 removed, symbols: 89967 processed, 2 removed
[2021-12-07T21:53:42.279+0700][gc            ] GC(7) Pause Remark 144M->144M(1024M) 2,678ms
[2021-12-07T21:53:42.279+0700][gc,cpu        ] GC(7) User=0,02s Sys=0,00s Real=0,00s
[2021-12-07T21:53:42.279+0700][gc,marking    ] GC(7) Concurrent Rebuild Remembered Sets
[2021-12-07T21:53:42.283+0700][gc,marking    ] GC(7) Concurrent Rebuild Remembered Sets 3,901ms
[2021-12-07T21:53:42.283+0700][gc,start      ] GC(7) Pause Cleanup
[2021-12-07T21:53:42.283+0700][gc            ] GC(7) Pause Cleanup 144M->144M(1024M) 0,195ms
[2021-12-07T21:53:42.283+0700][gc,cpu        ] GC(7) User=0,00s Sys=0,00s Real=0,00s
[2021-12-07T21:53:42.283+0700][gc,marking    ] GC(7) Concurrent Cleanup for Next Mark
[2021-12-07T21:53:42.284+0700][gc,marking    ] GC(7) Concurrent Cleanup for Next Mark 0,544ms
[2021-12-07T21:53:42.284+0700][gc            ] GC(7) Concurrent Cycle 16,840ms
[2021-12-07T22:05:03.706+0700][gc,heap,exit  ] Heap
[2021-12-07T22:05:03.706+0700][gc,heap,exit  ]  garbage-first heap   total 1048576K, used 178571K [0x00000000c0000000, 0x0000000100000000)
[2021-12-07T22:05:03.706+0700][gc,heap,exit  ]   region size 1024K, 37 young (37888K), 6 survivors (6144K)
[2021-12-07T22:05:03.706+0700][gc,heap,exit  ]  Metaspace       used 41852K, capacity 44181K, committed 44444K, reserved 1087488K
[2021-12-07T22:05:03.706+0700][gc,heap,exit  ]   class space    used 5435K, capacity 6616K, committed 6636K, reserved 1048576K
