[2021-12-06T22:37:09.861+0700][gc,heap] Heap region size: 1M
[2021-12-06T22:37:09.868+0700][gc     ] Using G1
[2021-12-06T22:37:09.868+0700][gc,heap,coops] Heap address: 0x00000000c0000000, size: 1024 MB, Compressed Oops mode: 32-bit
[2021-12-06T22:37:09.868+0700][gc,cds       ] Mark closed archive regions in map: [0x00000000fff00000, 0x00000000fff6aff8]
[2021-12-06T22:37:09.868+0700][gc,cds       ] Mark open archive regions in map: [0x00000000ffe00000, 0x00000000ffe46ff8]
[2021-12-06T22:37:10.532+0700][gc,start     ] GC(0) Pause Young (Normal) (G1 Evacuation Pause)
[2021-12-06T22:37:10.532+0700][gc,task      ] GC(0) Using 8 workers of 8 for evacuation
[2021-12-06T22:37:10.540+0700][gc,phases    ] GC(0)   Pre Evacuate Collection Set: 0,0ms
[2021-12-06T22:37:10.540+0700][gc,phases    ] GC(0)   Evacuate Collection Set: 7,1ms
[2021-12-06T22:37:10.540+0700][gc,phases    ] GC(0)   Post Evacuate Collection Set: 0,4ms
[2021-12-06T22:37:10.540+0700][gc,phases    ] GC(0)   Other: 0,7ms
[2021-12-06T22:37:10.540+0700][gc,heap      ] GC(0) Eden regions: 51->0(44)
[2021-12-06T22:37:10.540+0700][gc,heap      ] GC(0) Survivor regions: 0->7(7)
[2021-12-06T22:37:10.540+0700][gc,heap      ] GC(0) Old regions: 2->2
[2021-12-06T22:37:10.540+0700][gc,heap      ] GC(0) Humongous regions: 0->0
[2021-12-06T22:37:10.540+0700][gc,metaspace ] GC(0) Metaspace: 14821K->14821K(1062912K)
[2021-12-06T22:37:10.540+0700][gc           ] GC(0) Pause Young (Normal) (G1 Evacuation Pause) 51M->7M(1024M) 8,168ms
[2021-12-06T22:37:10.540+0700][gc,cpu       ] GC(0) User=0,05s Sys=0,00s Real=0,01s
[2021-12-06T22:37:29.457+0700][gc,heap,exit ] Heap
[2021-12-06T22:37:29.457+0700][gc,heap,exit ]  garbage-first heap   total 1048576K, used 10269K [0x00000000c0000000, 0x0000000100000000)
[2021-12-06T22:37:29.457+0700][gc,heap,exit ]   region size 1024K, 11 young (11264K), 7 survivors (7168K)
[2021-12-06T22:37:29.457+0700][gc,heap,exit ]  Metaspace       used 15411K, capacity 15874K, committed 16000K, reserved 1062912K
[2021-12-06T22:37:29.457+0700][gc,heap,exit ]   class space    used 1931K, capacity 2122K, committed 2176K, reserved 1048576K
