[2021-12-07T22:05:47.864+0700][gc,heap] Heap region size: 1M
[2021-12-07T22:05:47.870+0700][gc     ] Using G1
[2021-12-07T22:05:47.870+0700][gc,heap,coops] Heap address: 0x00000000c0000000, size: 1024 MB, Compressed Oops mode: 32-bit
[2021-12-07T22:05:47.870+0700][gc,cds       ] Mark closed archive regions in map: [0x00000000fff00000, 0x00000000fff6aff8]
[2021-12-07T22:05:47.870+0700][gc,cds       ] Mark open archive regions in map: [0x00000000ffe00000, 0x00000000ffe46ff8]
[2021-12-07T22:05:48.570+0700][gc,start     ] GC(0) Pause Young (Normal) (G1 Evacuation Pause)
[2021-12-07T22:05:48.570+0700][gc,task      ] GC(0) Using 8 workers of 8 for evacuation
[2021-12-07T22:05:48.580+0700][gc,phases    ] GC(0)   Pre Evacuate Collection Set: 0,0ms
[2021-12-07T22:05:48.580+0700][gc,phases    ] GC(0)   Evacuate Collection Set: 9,7ms
[2021-12-07T22:05:48.580+0700][gc,phases    ] GC(0)   Post Evacuate Collection Set: 0,5ms
[2021-12-07T22:05:48.580+0700][gc,phases    ] GC(0)   Other: 0,5ms
[2021-12-07T22:05:48.580+0700][gc,heap      ] GC(0) Eden regions: 51->0(44)
[2021-12-07T22:05:48.580+0700][gc,heap      ] GC(0) Survivor regions: 0->7(7)
[2021-12-07T22:05:48.580+0700][gc,heap      ] GC(0) Old regions: 2->2
[2021-12-07T22:05:48.580+0700][gc,heap      ] GC(0) Humongous regions: 0->0
[2021-12-07T22:05:48.580+0700][gc,metaspace ] GC(0) Metaspace: 14834K->14834K(1062912K)
[2021-12-07T22:05:48.580+0700][gc           ] GC(0) Pause Young (Normal) (G1 Evacuation Pause) 51M->7M(1024M) 10,764ms
[2021-12-07T22:05:48.580+0700][gc,cpu       ] GC(0) User=0,06s Sys=0,01s Real=0,01s
[2021-12-07T22:05:48.852+0700][gc,start     ] GC(1) Pause Young (Concurrent Start) (Metadata GC Threshold)
[2021-12-07T22:05:48.852+0700][gc,task      ] GC(1) Using 8 workers of 8 for evacuation
[2021-12-07T22:05:48.861+0700][gc,phases    ] GC(1)   Pre Evacuate Collection Set: 0,0ms
[2021-12-07T22:05:48.861+0700][gc,phases    ] GC(1)   Evacuate Collection Set: 8,0ms
[2021-12-07T22:05:48.861+0700][gc,phases    ] GC(1)   Post Evacuate Collection Set: 0,4ms
[2021-12-07T22:05:48.861+0700][gc,phases    ] GC(1)   Other: 0,2ms
[2021-12-07T22:05:48.861+0700][gc,heap      ] GC(1) Eden regions: 24->0(49)
[2021-12-07T22:05:48.861+0700][gc,heap      ] GC(1) Survivor regions: 7->2(7)
[2021-12-07T22:05:48.861+0700][gc,heap      ] GC(1) Old regions: 2->9
[2021-12-07T22:05:48.861+0700][gc,heap      ] GC(1) Humongous regions: 0->0
[2021-12-07T22:05:48.861+0700][gc,metaspace ] GC(1) Metaspace: 20499K->20499K(1067008K)
[2021-12-07T22:05:48.861+0700][gc           ] GC(1) Pause Young (Concurrent Start) (Metadata GC Threshold) 30M->8M(1024M) 8,713ms
[2021-12-07T22:05:48.861+0700][gc,cpu       ] GC(1) User=0,05s Sys=0,00s Real=0,00s
[2021-12-07T22:05:48.861+0700][gc           ] GC(2) Concurrent Cycle
[2021-12-07T22:05:48.861+0700][gc,marking   ] GC(2) Concurrent Clear Claimed Marks
[2021-12-07T22:05:48.861+0700][gc,marking   ] GC(2) Concurrent Clear Claimed Marks 0,093ms
[2021-12-07T22:05:48.861+0700][gc,marking   ] GC(2) Concurrent Scan Root Regions
[2021-12-07T22:05:48.862+0700][gc,marking   ] GC(2) Concurrent Scan Root Regions 1,304ms
[2021-12-07T22:05:48.862+0700][gc,marking   ] GC(2) Concurrent Mark (1,001s)
[2021-12-07T22:05:48.862+0700][gc,marking   ] GC(2) Concurrent Mark From Roots
[2021-12-07T22:05:48.862+0700][gc,task      ] GC(2) Using 2 workers of 2 for marking
[2021-12-07T22:05:48.868+0700][gc,marking   ] GC(2) Concurrent Mark From Roots 5,380ms
[2021-12-07T22:05:48.868+0700][gc,marking   ] GC(2) Concurrent Preclean
[2021-12-07T22:05:48.868+0700][gc,marking   ] GC(2) Concurrent Preclean 0,111ms
[2021-12-07T22:05:48.868+0700][gc,marking   ] GC(2) Concurrent Mark (1,001s, 1,007s) 5,542ms
[2021-12-07T22:05:48.868+0700][gc,start     ] GC(2) Pause Remark
[2021-12-07T22:05:48.870+0700][gc,stringtable] GC(2) Cleaned string and symbol table, strings: 5092 processed, 0 removed, symbols: 50248 processed, 41 removed
[2021-12-07T22:05:48.871+0700][gc            ] GC(2) Pause Remark 8M->8M(1024M) 2,506ms
[2021-12-07T22:05:48.871+0700][gc,cpu        ] GC(2) User=0,02s Sys=0,00s Real=0,01s
[2021-12-07T22:05:48.871+0700][gc,marking    ] GC(2) Concurrent Rebuild Remembered Sets
[2021-12-07T22:05:48.874+0700][gc,marking    ] GC(2) Concurrent Rebuild Remembered Sets 3,276ms
[2021-12-07T22:05:48.874+0700][gc,start      ] GC(2) Pause Cleanup
[2021-12-07T22:05:48.874+0700][gc            ] GC(2) Pause Cleanup 8M->8M(1024M) 0,227ms
[2021-12-07T22:05:48.874+0700][gc,cpu        ] GC(2) User=0,00s Sys=0,00s Real=0,00s
[2021-12-07T22:05:48.874+0700][gc,marking    ] GC(2) Concurrent Cleanup for Next Mark
[2021-12-07T22:05:48.878+0700][gc,marking    ] GC(2) Concurrent Cleanup for Next Mark 3,249ms
[2021-12-07T22:05:48.878+0700][gc            ] GC(2) Concurrent Cycle 16,645ms
[2021-12-07T22:05:49.394+0700][gc,start      ] GC(3) Pause Young (Normal) (G1 Evacuation Pause)
[2021-12-07T22:05:49.394+0700][gc,task       ] GC(3) Using 8 workers of 8 for evacuation
[2021-12-07T22:05:49.399+0700][gc,phases     ] GC(3)   Pre Evacuate Collection Set: 0,0ms
[2021-12-07T22:05:49.399+0700][gc,phases     ] GC(3)   Evacuate Collection Set: 4,7ms
[2021-12-07T22:05:49.399+0700][gc,phases     ] GC(3)   Post Evacuate Collection Set: 0,5ms
[2021-12-07T22:05:49.399+0700][gc,phases     ] GC(3)   Other: 0,1ms
[2021-12-07T22:05:49.399+0700][gc,heap       ] GC(3) Eden regions: 49->0(46)
[2021-12-07T22:05:49.400+0700][gc,heap       ] GC(3) Survivor regions: 2->5(7)
[2021-12-07T22:05:49.400+0700][gc,heap       ] GC(3) Old regions: 9->9
[2021-12-07T22:05:49.400+0700][gc,heap       ] GC(3) Humongous regions: 129->129
[2021-12-07T22:05:49.400+0700][gc,metaspace  ] GC(3) Metaspace: 29047K->29047K(1075200K)
[2021-12-07T22:05:49.400+0700][gc            ] GC(3) Pause Young (Normal) (G1 Evacuation Pause) 186M->140M(1024M) 5,417ms
[2021-12-07T22:05:49.400+0700][gc,cpu        ] GC(3) User=0,02s Sys=0,00s Real=0,00s
[2021-12-07T22:05:49.697+0700][gc,start      ] GC(4) Pause Young (Concurrent Start) (Metadata GC Threshold)
[2021-12-07T22:05:49.697+0700][gc,task       ] GC(4) Using 8 workers of 8 for evacuation
[2021-12-07T22:05:49.704+0700][gc,phases     ] GC(4)   Pre Evacuate Collection Set: 0,1ms
[2021-12-07T22:05:49.704+0700][gc,phases     ] GC(4)   Evacuate Collection Set: 5,8ms
[2021-12-07T22:05:49.704+0700][gc,phases     ] GC(4)   Post Evacuate Collection Set: 0,3ms
[2021-12-07T22:05:49.704+0700][gc,phases     ] GC(4)   Other: 0,2ms
[2021-12-07T22:05:49.704+0700][gc,heap       ] GC(4) Eden regions: 27->0(49)
[2021-12-07T22:05:49.704+0700][gc,heap       ] GC(4) Survivor regions: 5->2(7)
[2021-12-07T22:05:49.704+0700][gc,heap       ] GC(4) Old regions: 9->13
[2021-12-07T22:05:49.704+0700][gc,heap       ] GC(4) Humongous regions: 129->129
[2021-12-07T22:05:49.704+0700][gc,metaspace  ] GC(4) Metaspace: 34526K->34526K(1081344K)
[2021-12-07T22:05:49.704+0700][gc            ] GC(4) Pause Young (Concurrent Start) (Metadata GC Threshold) 166M->142M(1024M) 6,452ms
[2021-12-07T22:05:49.704+0700][gc,cpu        ] GC(4) User=0,05s Sys=0,00s Real=0,01s
[2021-12-07T22:05:49.704+0700][gc            ] GC(5) Concurrent Cycle
[2021-12-07T22:05:49.704+0700][gc,marking    ] GC(5) Concurrent Clear Claimed Marks
[2021-12-07T22:05:49.704+0700][gc,marking    ] GC(5) Concurrent Clear Claimed Marks 0,088ms
[2021-12-07T22:05:49.704+0700][gc,marking    ] GC(5) Concurrent Scan Root Regions
[2021-12-07T22:05:49.705+0700][gc,marking    ] GC(5) Concurrent Scan Root Regions 1,084ms
[2021-12-07T22:05:49.705+0700][gc,marking    ] GC(5) Concurrent Mark (1,844s)
[2021-12-07T22:05:49.705+0700][gc,marking    ] GC(5) Concurrent Mark From Roots
[2021-12-07T22:05:49.705+0700][gc,task       ] GC(5) Using 2 workers of 2 for marking
[2021-12-07T22:05:49.717+0700][gc,marking    ] GC(5) Concurrent Mark From Roots 12,274ms
[2021-12-07T22:05:49.717+0700][gc,marking    ] GC(5) Concurrent Preclean
[2021-12-07T22:05:49.717+0700][gc,marking    ] GC(5) Concurrent Preclean 0,113ms
[2021-12-07T22:05:49.717+0700][gc,marking    ] GC(5) Concurrent Mark (1,844s, 1,856s) 12,439ms
[2021-12-07T22:05:49.717+0700][gc,start      ] GC(5) Pause Remark
[2021-12-07T22:05:49.720+0700][gc,stringtable] GC(5) Cleaned string and symbol table, strings: 10896 processed, 10 removed, symbols: 83860 processed, 16 removed
[2021-12-07T22:05:49.720+0700][gc            ] GC(5) Pause Remark 143M->143M(1024M) 3,002ms
[2021-12-07T22:05:49.720+0700][gc,cpu        ] GC(5) User=0,02s Sys=0,00s Real=0,00s
[2021-12-07T22:05:49.720+0700][gc,marking    ] GC(5) Concurrent Rebuild Remembered Sets
[2021-12-07T22:05:49.727+0700][gc,marking    ] GC(5) Concurrent Rebuild Remembered Sets 6,738ms
[2021-12-07T22:05:49.728+0700][gc,start      ] GC(5) Pause Cleanup
[2021-12-07T22:05:49.728+0700][gc            ] GC(5) Pause Cleanup 143M->143M(1024M) 0,208ms
[2021-12-07T22:05:49.728+0700][gc,cpu        ] GC(5) User=0,00s Sys=0,00s Real=0,00s
[2021-12-07T22:05:49.728+0700][gc,marking    ] GC(5) Concurrent Cleanup for Next Mark
[2021-12-07T22:05:49.732+0700][gc,marking    ] GC(5) Concurrent Cleanup for Next Mark 4,006ms
[2021-12-07T22:05:49.732+0700][gc            ] GC(5) Concurrent Cycle 28,241ms
[2021-12-07T22:24:10.475+0700][gc,start      ] GC(6) Pause Young (Normal) (G1 Evacuation Pause)
[2021-12-07T22:24:10.475+0700][gc,task       ] GC(6) Using 8 workers of 8 for evacuation
[2021-12-07T22:24:10.492+0700][gc,phases     ] GC(6)   Pre Evacuate Collection Set: 0,1ms
[2021-12-07T22:24:10.492+0700][gc,phases     ] GC(6)   Evacuate Collection Set: 14,8ms
[2021-12-07T22:24:10.492+0700][gc,phases     ] GC(6)   Post Evacuate Collection Set: 1,7ms
[2021-12-07T22:24:10.492+0700][gc,phases     ] GC(6)   Other: 0,6ms
[2021-12-07T22:24:10.492+0700][gc,heap       ] GC(6) Eden regions: 49->0(46)
[2021-12-07T22:24:10.492+0700][gc,heap       ] GC(6) Survivor regions: 2->5(7)
[2021-12-07T22:24:10.492+0700][gc,heap       ] GC(6) Old regions: 13->13
[2021-12-07T22:24:10.492+0700][gc,heap       ] GC(6) Humongous regions: 129->129
[2021-12-07T22:24:10.492+0700][gc,metaspace  ] GC(6) Metaspace: 39959K->39959K(1085440K)
[2021-12-07T22:24:10.492+0700][gc            ] GC(6) Pause Young (Normal) (G1 Evacuation Pause) 191M->145M(1024M) 17,483ms
[2021-12-07T22:24:10.492+0700][gc,cpu        ] GC(6) User=0,10s Sys=0,00s Real=0,02s
[2021-12-07T22:31:52.034+0700][gc,start      ] GC(7) Pause Young (Normal) (G1 Evacuation Pause)
[2021-12-07T22:31:52.034+0700][gc,task       ] GC(7) Using 8 workers of 8 for evacuation
[2021-12-07T22:31:52.048+0700][gc,phases     ] GC(7)   Pre Evacuate Collection Set: 0,0ms
[2021-12-07T22:31:52.048+0700][gc,phases     ] GC(7)   Evacuate Collection Set: 11,9ms
[2021-12-07T22:31:52.048+0700][gc,phases     ] GC(7)   Post Evacuate Collection Set: 1,9ms
[2021-12-07T22:31:52.048+0700][gc,phases     ] GC(7)   Other: 0,4ms
[2021-12-07T22:31:52.048+0700][gc,heap       ] GC(7) Eden regions: 46->0(47)
[2021-12-07T22:31:52.048+0700][gc,heap       ] GC(7) Survivor regions: 5->4(7)
[2021-12-07T22:31:52.048+0700][gc,heap       ] GC(7) Old regions: 13->15
[2021-12-07T22:31:52.048+0700][gc,heap       ] GC(7) Humongous regions: 129->129
[2021-12-07T22:31:52.048+0700][gc,metaspace  ] GC(7) Metaspace: 40126K->40126K(1085440K)
[2021-12-07T22:31:52.048+0700][gc            ] GC(7) Pause Young (Normal) (G1 Evacuation Pause) 191M->145M(1024M) 14,531ms
[2021-12-07T22:31:52.049+0700][gc,cpu        ] GC(7) User=0,10s Sys=0,00s Real=0,01s
[2021-12-07T22:40:31.062+0700][gc,start      ] GC(8) Pause Young (Normal) (G1 Evacuation Pause)
[2021-12-07T22:40:31.062+0700][gc,task       ] GC(8) Using 8 workers of 8 for evacuation
[2021-12-07T22:40:31.075+0700][gc,phases     ] GC(8)   Pre Evacuate Collection Set: 0,0ms
[2021-12-07T22:40:31.075+0700][gc,phases     ] GC(8)   Evacuate Collection Set: 9,1ms
[2021-12-07T22:40:31.075+0700][gc,phases     ] GC(8)   Post Evacuate Collection Set: 3,3ms
[2021-12-07T22:40:31.075+0700][gc,phases     ] GC(8)   Other: 1,0ms
[2021-12-07T22:40:31.075+0700][gc,heap       ] GC(8) Eden regions: 47->0(47)
[2021-12-07T22:40:31.075+0700][gc,heap       ] GC(8) Survivor regions: 4->4(7)
[2021-12-07T22:40:31.075+0700][gc,heap       ] GC(8) Old regions: 15->15
[2021-12-07T22:40:31.075+0700][gc,heap       ] GC(8) Humongous regions: 129->129
[2021-12-07T22:40:31.075+0700][gc,metaspace  ] GC(8) Metaspace: 40200K->40200K(1085440K)
[2021-12-07T22:40:31.076+0700][gc            ] GC(8) Pause Young (Normal) (G1 Evacuation Pause) 192M->145M(1024M) 13,929ms
[2021-12-07T22:40:31.076+0700][gc,cpu        ] GC(8) User=0,08s Sys=0,00s Real=0,02s
[2021-12-07T22:49:32.703+0700][gc,start      ] GC(9) Pause Young (Normal) (G1 Evacuation Pause)
[2021-12-07T22:49:32.703+0700][gc,task       ] GC(9) Using 8 workers of 8 for evacuation
[2021-12-07T22:49:32.717+0700][gc,phases     ] GC(9)   Pre Evacuate Collection Set: 0,0ms
[2021-12-07T22:49:32.717+0700][gc,phases     ] GC(9)   Evacuate Collection Set: 9,8ms
[2021-12-07T22:49:32.717+0700][gc,phases     ] GC(9)   Post Evacuate Collection Set: 3,3ms
[2021-12-07T22:49:32.717+0700][gc,phases     ] GC(9)   Other: 0,4ms
[2021-12-07T22:49:32.717+0700][gc,heap       ] GC(9) Eden regions: 47->0(47)
[2021-12-07T22:49:32.717+0700][gc,heap       ] GC(9) Survivor regions: 4->4(7)
[2021-12-07T22:49:32.717+0700][gc,heap       ] GC(9) Old regions: 15->15
[2021-12-07T22:49:32.717+0700][gc,heap       ] GC(9) Humongous regions: 129->129
[2021-12-07T22:49:32.717+0700][gc,metaspace  ] GC(9) Metaspace: 40263K->40263K(1085440K)
[2021-12-07T22:49:32.717+0700][gc            ] GC(9) Pause Young (Normal) (G1 Evacuation Pause) 192M->145M(1024M) 13,772ms
[2021-12-07T22:49:32.717+0700][gc,cpu        ] GC(9) User=0,09s Sys=0,00s Real=0,01s
[2021-12-07T22:58:56.888+0700][gc,start      ] GC(10) Pause Young (Normal) (G1 Evacuation Pause)
[2021-12-07T22:58:56.888+0700][gc,task       ] GC(10) Using 8 workers of 8 for evacuation
[2021-12-07T22:58:56.898+0700][gc,phases     ] GC(10)   Pre Evacuate Collection Set: 0,0ms
[2021-12-07T22:58:56.898+0700][gc,phases     ] GC(10)   Evacuate Collection Set: 8,1ms
[2021-12-07T22:58:56.898+0700][gc,phases     ] GC(10)   Post Evacuate Collection Set: 1,7ms
[2021-12-07T22:58:56.898+0700][gc,phases     ] GC(10)   Other: 0,7ms
[2021-12-07T22:58:56.898+0700][gc,heap       ] GC(10) Eden regions: 47->0(48)
[2021-12-07T22:58:56.898+0700][gc,heap       ] GC(10) Survivor regions: 4->3(7)
[2021-12-07T22:58:56.898+0700][gc,heap       ] GC(10) Old regions: 15->15
[2021-12-07T22:58:56.898+0700][gc,heap       ] GC(10) Humongous regions: 129->129
[2021-12-07T22:58:56.898+0700][gc,metaspace  ] GC(10) Metaspace: 40299K->40299K(1085440K)
[2021-12-07T22:58:56.898+0700][gc            ] GC(10) Pause Young (Normal) (G1 Evacuation Pause) 192M->144M(1024M) 10,737ms
[2021-12-07T22:58:56.898+0700][gc,cpu        ] GC(10) User=0,07s Sys=0,01s Real=0,01s
[2021-12-07T23:08:13.150+0700][gc,start      ] GC(11) Pause Young (Normal) (G1 Evacuation Pause)
[2021-12-07T23:08:13.150+0700][gc,task       ] GC(11) Using 8 workers of 8 for evacuation
[2021-12-07T23:08:13.159+0700][gc,phases     ] GC(11)   Pre Evacuate Collection Set: 0,0ms
[2021-12-07T23:08:13.159+0700][gc,phases     ] GC(11)   Evacuate Collection Set: 6,7ms
[2021-12-07T23:08:13.159+0700][gc,phases     ] GC(11)   Post Evacuate Collection Set: 1,3ms
[2021-12-07T23:08:13.159+0700][gc,phases     ] GC(11)   Other: 0,4ms
[2021-12-07T23:08:13.159+0700][gc,heap       ] GC(11) Eden regions: 48->0(56)
[2021-12-07T23:08:13.159+0700][gc,heap       ] GC(11) Survivor regions: 3->3(7)
[2021-12-07T23:08:13.159+0700][gc,heap       ] GC(11) Old regions: 15->15
[2021-12-07T23:08:13.159+0700][gc,heap       ] GC(11) Humongous regions: 129->129
[2021-12-07T23:08:13.159+0700][gc,metaspace  ] GC(11) Metaspace: 40367K->40367K(1085440K)
[2021-12-07T23:08:13.159+0700][gc            ] GC(11) Pause Young (Normal) (G1 Evacuation Pause) 192M->144M(1024M) 8,499ms
[2021-12-07T23:08:13.159+0700][gc,cpu        ] GC(11) User=0,06s Sys=0,00s Real=0,00s
[2021-12-07T23:19:28.637+0700][gc,start      ] GC(12) Pause Young (Normal) (G1 Evacuation Pause)
[2021-12-07T23:19:28.638+0700][gc,task       ] GC(12) Using 8 workers of 8 for evacuation
[2021-12-07T23:19:28.644+0700][gc,phases     ] GC(12)   Pre Evacuate Collection Set: 0,3ms
[2021-12-07T23:19:28.644+0700][gc,phases     ] GC(12)   Evacuate Collection Set: 4,0ms
[2021-12-07T23:19:28.644+0700][gc,phases     ] GC(12)   Post Evacuate Collection Set: 1,8ms
[2021-12-07T23:19:28.644+0700][gc,phases     ] GC(12)   Other: 0,8ms
[2021-12-07T23:19:28.644+0700][gc,heap       ] GC(12) Eden regions: 56->0(79)
[2021-12-07T23:19:28.644+0700][gc,heap       ] GC(12) Survivor regions: 3->3(8)
[2021-12-07T23:19:28.644+0700][gc,heap       ] GC(12) Old regions: 15->15
[2021-12-07T23:19:28.644+0700][gc,heap       ] GC(12) Humongous regions: 129->129
[2021-12-07T23:19:28.644+0700][gc,metaspace  ] GC(12) Metaspace: 40395K->40395K(1085440K)
[2021-12-07T23:19:28.644+0700][gc            ] GC(12) Pause Young (Normal) (G1 Evacuation Pause) 200M->144M(1024M) 6,979ms
[2021-12-07T23:19:28.644+0700][gc,cpu        ] GC(12) User=0,04s Sys=0,00s Real=0,01s
