[2021-12-07T22:06:32.654+0700][gc,heap] Heap region size: 1M
[2021-12-07T22:06:32.660+0700][gc     ] Using G1
[2021-12-07T22:06:32.660+0700][gc,heap,coops] Heap address: 0x00000000c0000000, size: 1024 MB, Compressed Oops mode: 32-bit
[2021-12-07T22:06:32.661+0700][gc,cds       ] Mark closed archive regions in map: [0x00000000fff00000, 0x00000000fff6aff8]
[2021-12-07T22:06:32.661+0700][gc,cds       ] Mark open archive regions in map: [0x00000000ffe00000, 0x00000000ffe46ff8]
[2021-12-07T22:06:33.381+0700][gc,start     ] GC(0) Pause Young (Normal) (G1 Evacuation Pause)
[2021-12-07T22:06:33.381+0700][gc,task      ] GC(0) Using 8 workers of 8 for evacuation
[2021-12-07T22:06:33.390+0700][gc,phases    ] GC(0)   Pre Evacuate Collection Set: 0,0ms
[2021-12-07T22:06:33.390+0700][gc,phases    ] GC(0)   Evacuate Collection Set: 7,5ms
[2021-12-07T22:06:33.390+0700][gc,phases    ] GC(0)   Post Evacuate Collection Set: 0,4ms
[2021-12-07T22:06:33.390+0700][gc,phases    ] GC(0)   Other: 0,6ms
[2021-12-07T22:06:33.390+0700][gc,heap      ] GC(0) Eden regions: 51->0(44)
[2021-12-07T22:06:33.390+0700][gc,heap      ] GC(0) Survivor regions: 0->7(7)
[2021-12-07T22:06:33.390+0700][gc,heap      ] GC(0) Old regions: 2->2
[2021-12-07T22:06:33.390+0700][gc,heap      ] GC(0) Humongous regions: 0->0
[2021-12-07T22:06:33.390+0700][gc,metaspace ] GC(0) Metaspace: 14837K->14837K(1062912K)
[2021-12-07T22:06:33.390+0700][gc           ] GC(0) Pause Young (Normal) (G1 Evacuation Pause) 51M->7M(1024M) 8,604ms
[2021-12-07T22:06:33.390+0700][gc,cpu       ] GC(0) User=0,06s Sys=0,00s Real=0,01s
[2021-12-07T22:06:33.672+0700][gc,start     ] GC(1) Pause Young (Concurrent Start) (Metadata GC Threshold)
[2021-12-07T22:06:33.672+0700][gc,task      ] GC(1) Using 8 workers of 8 for evacuation
[2021-12-07T22:06:33.680+0700][gc,phases    ] GC(1)   Pre Evacuate Collection Set: 0,0ms
[2021-12-07T22:06:33.680+0700][gc,phases    ] GC(1)   Evacuate Collection Set: 7,0ms
[2021-12-07T22:06:33.680+0700][gc,phases    ] GC(1)   Post Evacuate Collection Set: 0,3ms
[2021-12-07T22:06:33.680+0700][gc,phases    ] GC(1)   Other: 0,2ms
[2021-12-07T22:06:33.680+0700][gc,heap      ] GC(1) Eden regions: 24->0(49)
[2021-12-07T22:06:33.680+0700][gc,heap      ] GC(1) Survivor regions: 7->2(7)
[2021-12-07T22:06:33.680+0700][gc,heap      ] GC(1) Old regions: 2->9
[2021-12-07T22:06:33.680+0700][gc,heap      ] GC(1) Humongous regions: 0->0
[2021-12-07T22:06:33.680+0700][gc,metaspace ] GC(1) Metaspace: 20574K->20574K(1067008K)
[2021-12-07T22:06:33.680+0700][gc           ] GC(1) Pause Young (Concurrent Start) (Metadata GC Threshold) 31M->8M(1024M) 7,631ms
[2021-12-07T22:06:33.680+0700][gc,cpu       ] GC(1) User=0,04s Sys=0,00s Real=0,00s
[2021-12-07T22:06:33.680+0700][gc           ] GC(2) Concurrent Cycle
[2021-12-07T22:06:33.680+0700][gc,marking   ] GC(2) Concurrent Clear Claimed Marks
[2021-12-07T22:06:33.680+0700][gc,marking   ] GC(2) Concurrent Clear Claimed Marks 0,081ms
[2021-12-07T22:06:33.680+0700][gc,marking   ] GC(2) Concurrent Scan Root Regions
[2021-12-07T22:06:33.681+0700][gc,marking   ] GC(2) Concurrent Scan Root Regions 1,173ms
[2021-12-07T22:06:33.681+0700][gc,marking   ] GC(2) Concurrent Mark (1,048s)
[2021-12-07T22:06:33.681+0700][gc,marking   ] GC(2) Concurrent Mark From Roots
[2021-12-07T22:06:33.681+0700][gc,task      ] GC(2) Using 2 workers of 2 for marking
[2021-12-07T22:06:33.687+0700][gc,marking   ] GC(2) Concurrent Mark From Roots 5,629ms
[2021-12-07T22:06:33.687+0700][gc,marking   ] GC(2) Concurrent Preclean
[2021-12-07T22:06:33.687+0700][gc,marking   ] GC(2) Concurrent Preclean 0,114ms
[2021-12-07T22:06:33.687+0700][gc,marking   ] GC(2) Concurrent Mark (1,048s, 1,054s) 5,794ms
[2021-12-07T22:06:33.687+0700][gc,start     ] GC(2) Pause Remark
[2021-12-07T22:06:33.690+0700][gc,stringtable] GC(2) Cleaned string and symbol table, strings: 5102 processed, 0 removed, symbols: 50294 processed, 41 removed
[2021-12-07T22:06:33.690+0700][gc            ] GC(2) Pause Remark 8M->8M(1024M) 3,307ms
[2021-12-07T22:06:33.690+0700][gc,cpu        ] GC(2) User=0,02s Sys=0,00s Real=0,01s
[2021-12-07T22:06:33.690+0700][gc,marking    ] GC(2) Concurrent Rebuild Remembered Sets
[2021-12-07T22:06:33.694+0700][gc,marking    ] GC(2) Concurrent Rebuild Remembered Sets 3,240ms
[2021-12-07T22:06:33.694+0700][gc,start      ] GC(2) Pause Cleanup
[2021-12-07T22:06:33.694+0700][gc            ] GC(2) Pause Cleanup 9M->9M(1024M) 0,212ms
[2021-12-07T22:06:33.694+0700][gc,cpu        ] GC(2) User=0,00s Sys=0,01s Real=0,00s
[2021-12-07T22:06:33.694+0700][gc,marking    ] GC(2) Concurrent Cleanup for Next Mark
[2021-12-07T22:06:33.698+0700][gc,marking    ] GC(2) Concurrent Cleanup for Next Mark 3,927ms
[2021-12-07T22:06:33.698+0700][gc            ] GC(2) Concurrent Cycle 18,154ms
[2021-12-07T22:06:34.315+0700][gc,start      ] GC(3) Pause Young (Normal) (G1 Evacuation Pause)
[2021-12-07T22:06:34.315+0700][gc,task       ] GC(3) Using 8 workers of 8 for evacuation
[2021-12-07T22:06:34.318+0700][gc,phases     ] GC(3)   Pre Evacuate Collection Set: 0,0ms
[2021-12-07T22:06:34.318+0700][gc,phases     ] GC(3)   Evacuate Collection Set: 2,4ms
[2021-12-07T22:06:34.318+0700][gc,phases     ] GC(3)   Post Evacuate Collection Set: 0,3ms
[2021-12-07T22:06:34.318+0700][gc,phases     ] GC(3)   Other: 0,1ms
[2021-12-07T22:06:34.318+0700][gc,heap       ] GC(3) Eden regions: 49->0(47)
[2021-12-07T22:06:34.318+0700][gc,heap       ] GC(3) Survivor regions: 2->4(7)
[2021-12-07T22:06:34.318+0700][gc,heap       ] GC(3) Old regions: 9->9
[2021-12-07T22:06:34.318+0700][gc,heap       ] GC(3) Humongous regions: 129->129
[2021-12-07T22:06:34.318+0700][gc,metaspace  ] GC(3) Metaspace: 29251K->29251K(1075200K)
[2021-12-07T22:06:34.318+0700][gc            ] GC(3) Pause Young (Normal) (G1 Evacuation Pause) 186M->139M(1024M) 2,847ms
[2021-12-07T22:06:34.318+0700][gc,cpu        ] GC(3) User=0,01s Sys=0,00s Real=0,00s
[2021-12-07T22:06:34.683+0700][gc,start      ] GC(4) Pause Young (Concurrent Start) (Metadata GC Threshold)
[2021-12-07T22:06:34.683+0700][gc,task       ] GC(4) Using 8 workers of 8 for evacuation
[2021-12-07T22:06:34.690+0700][gc,phases     ] GC(4)   Pre Evacuate Collection Set: 0,1ms
[2021-12-07T22:06:34.690+0700][gc,phases     ] GC(4)   Evacuate Collection Set: 5,8ms
[2021-12-07T22:06:34.690+0700][gc,phases     ] GC(4)   Post Evacuate Collection Set: 0,4ms
[2021-12-07T22:06:34.690+0700][gc,phases     ] GC(4)   Other: 0,2ms
[2021-12-07T22:06:34.690+0700][gc,heap       ] GC(4) Eden regions: 32->0(44)
[2021-12-07T22:06:34.690+0700][gc,heap       ] GC(4) Survivor regions: 4->7(7)
[2021-12-07T22:06:34.690+0700][gc,heap       ] GC(4) Old regions: 9->9
[2021-12-07T22:06:34.690+0700][gc,heap       ] GC(4) Humongous regions: 129->129
[2021-12-07T22:06:34.690+0700][gc,metaspace  ] GC(4) Metaspace: 34493K->34493K(1081344K)
[2021-12-07T22:06:34.690+0700][gc            ] GC(4) Pause Young (Concurrent Start) (Metadata GC Threshold) 170M->142M(1024M) 6,505ms
[2021-12-07T22:06:34.690+0700][gc,cpu        ] GC(4) User=0,03s Sys=0,00s Real=0,01s
[2021-12-07T22:06:34.690+0700][gc            ] GC(5) Concurrent Cycle
[2021-12-07T22:06:34.690+0700][gc,marking    ] GC(5) Concurrent Clear Claimed Marks
[2021-12-07T22:06:34.690+0700][gc,marking    ] GC(5) Concurrent Clear Claimed Marks 0,064ms
[2021-12-07T22:06:34.690+0700][gc,marking    ] GC(5) Concurrent Scan Root Regions
[2021-12-07T22:06:34.693+0700][gc,marking    ] GC(5) Concurrent Scan Root Regions 2,753ms
[2021-12-07T22:06:34.693+0700][gc,marking    ] GC(5) Concurrent Mark (2,060s)
[2021-12-07T22:06:34.693+0700][gc,marking    ] GC(5) Concurrent Mark From Roots
[2021-12-07T22:06:34.693+0700][gc,task       ] GC(5) Using 2 workers of 2 for marking
[2021-12-07T22:06:34.699+0700][gc,marking    ] GC(5) Concurrent Mark From Roots 6,021ms
[2021-12-07T22:06:34.699+0700][gc,marking    ] GC(5) Concurrent Preclean
[2021-12-07T22:06:34.699+0700][gc,marking    ] GC(5) Concurrent Preclean 0,096ms
[2021-12-07T22:06:34.699+0700][gc,marking    ] GC(5) Concurrent Mark (2,060s, 2,066s) 6,174ms
[2021-12-07T22:06:34.699+0700][gc,start      ] GC(5) Pause Remark
[2021-12-07T22:06:34.703+0700][gc,stringtable] GC(5) Cleaned string and symbol table, strings: 10983 processed, 8 removed, symbols: 82042 processed, 17 removed
[2021-12-07T22:06:34.703+0700][gc            ] GC(5) Pause Remark 143M->143M(1024M) 3,650ms
[2021-12-07T22:06:34.703+0700][gc,cpu        ] GC(5) User=0,02s Sys=0,00s Real=0,01s
[2021-12-07T22:06:34.703+0700][gc,marking    ] GC(5) Concurrent Rebuild Remembered Sets
[2021-12-07T22:06:34.706+0700][gc,marking    ] GC(5) Concurrent Rebuild Remembered Sets 3,478ms
[2021-12-07T22:06:34.707+0700][gc,start      ] GC(5) Pause Cleanup
[2021-12-07T22:06:34.707+0700][gc            ] GC(5) Pause Cleanup 143M->143M(1024M) 0,209ms
[2021-12-07T22:06:34.707+0700][gc,cpu        ] GC(5) User=0,00s Sys=0,00s Real=0,00s
[2021-12-07T22:06:34.707+0700][gc,marking    ] GC(5) Concurrent Cleanup for Next Mark
[2021-12-07T22:06:34.711+0700][gc,marking    ] GC(5) Concurrent Cleanup for Next Mark 3,893ms
[2021-12-07T22:06:34.711+0700][gc            ] GC(5) Concurrent Cycle 21,018ms
[2021-12-07T22:18:09.882+0700][gc,start      ] GC(6) Pause Young (Normal) (G1 Evacuation Pause)
[2021-12-07T22:18:09.882+0700][gc,task       ] GC(6) Using 8 workers of 8 for evacuation
[2021-12-07T22:18:09.899+0700][gc,phases     ] GC(6)   Pre Evacuate Collection Set: 0,1ms
[2021-12-07T22:18:09.900+0700][gc,phases     ] GC(6)   Evacuate Collection Set: 15,2ms
[2021-12-07T22:18:09.900+0700][gc,phases     ] GC(6)   Post Evacuate Collection Set: 1,8ms
[2021-12-07T22:18:09.900+0700][gc,phases     ] GC(6)   Other: 0,6ms
[2021-12-07T22:18:09.900+0700][gc,heap       ] GC(6) Eden regions: 44->0(46)
[2021-12-07T22:18:09.900+0700][gc,heap       ] GC(6) Survivor regions: 7->5(7)
[2021-12-07T22:18:09.900+0700][gc,heap       ] GC(6) Old regions: 9->12
[2021-12-07T22:18:09.900+0700][gc,heap       ] GC(6) Humongous regions: 141->129
[2021-12-07T22:18:09.900+0700][gc,metaspace  ] GC(6) Metaspace: 38942K->38942K(1085440K)
[2021-12-07T22:18:09.900+0700][gc            ] GC(6) Pause Young (Normal) (G1 Evacuation Pause) 198M->143M(1024M) 17,855ms
[2021-12-07T22:18:09.900+0700][gc,cpu        ] GC(6) User=0,11s Sys=0,01s Real=0,01s
[2021-12-07T22:25:14.918+0700][gc,start      ] GC(7) Pause Young (Normal) (G1 Evacuation Pause)
[2021-12-07T22:25:14.919+0700][gc,task       ] GC(7) Using 8 workers of 8 for evacuation
[2021-12-07T22:25:14.941+0700][gc,mmu        ] GC(7) MMU target violated: 21,0ms (20,0ms/21,0ms)
[2021-12-07T22:25:14.941+0700][gc,phases     ] GC(7)   Pre Evacuate Collection Set: 0,0ms
[2021-12-07T22:25:14.941+0700][gc,phases     ] GC(7)   Evacuate Collection Set: 20,1ms
[2021-12-07T22:25:14.941+0700][gc,phases     ] GC(7)   Post Evacuate Collection Set: 1,6ms
[2021-12-07T22:25:14.941+0700][gc,phases     ] GC(7)   Other: 0,6ms
[2021-12-07T22:25:14.941+0700][gc,heap       ] GC(7) Eden regions: 46->0(47)
[2021-12-07T22:25:14.941+0700][gc,heap       ] GC(7) Survivor regions: 5->4(7)
[2021-12-07T22:25:14.941+0700][gc,heap       ] GC(7) Old regions: 12->15
[2021-12-07T22:25:14.941+0700][gc,heap       ] GC(7) Humongous regions: 129->129
[2021-12-07T22:25:14.941+0700][gc,metaspace  ] GC(7) Metaspace: 41469K->41469K(1087488K)
[2021-12-07T22:25:14.941+0700][gc            ] GC(7) Pause Young (Normal) (G1 Evacuation Pause) 189M->145M(1024M) 22,464ms
[2021-12-07T22:25:14.941+0700][gc,cpu        ] GC(7) User=0,13s Sys=0,00s Real=0,02s
[2021-12-07T22:32:07.716+0700][gc,start      ] GC(8) Pause Young (Normal) (G1 Evacuation Pause)
[2021-12-07T22:32:07.716+0700][gc,task       ] GC(8) Using 8 workers of 8 for evacuation
[2021-12-07T22:32:07.737+0700][gc,mmu        ] GC(8) MMU target violated: 20,4ms (20,0ms/21,0ms)
[2021-12-07T22:32:07.737+0700][gc,phases     ] GC(8)   Pre Evacuate Collection Set: 0,1ms
[2021-12-07T22:32:07.737+0700][gc,phases     ] GC(8)   Evacuate Collection Set: 15,9ms
[2021-12-07T22:32:07.737+0700][gc,phases     ] GC(8)   Post Evacuate Collection Set: 4,3ms
[2021-12-07T22:32:07.737+0700][gc,phases     ] GC(8)   Other: 1,1ms
[2021-12-07T22:32:07.737+0700][gc,heap       ] GC(8) Eden regions: 47->0(46)
[2021-12-07T22:32:07.737+0700][gc,heap       ] GC(8) Survivor regions: 4->5(7)
[2021-12-07T22:32:07.737+0700][gc,heap       ] GC(8) Old regions: 15->15
[2021-12-07T22:32:07.738+0700][gc,heap       ] GC(8) Humongous regions: 129->129
[2021-12-07T22:32:07.738+0700][gc,metaspace  ] GC(8) Metaspace: 41527K->41527K(1087488K)
[2021-12-07T22:32:07.738+0700][gc            ] GC(8) Pause Young (Normal) (G1 Evacuation Pause) 192M->146M(1024M) 21,566ms
[2021-12-07T22:32:07.738+0700][gc,cpu        ] GC(8) User=0,10s Sys=0,00s Real=0,02s
[2021-12-07T22:39:24.882+0700][gc,start      ] GC(9) Pause Young (Normal) (G1 Evacuation Pause)
[2021-12-07T22:39:24.882+0700][gc,task       ] GC(9) Using 8 workers of 8 for evacuation
[2021-12-07T22:39:24.895+0700][gc,phases     ] GC(9)   Pre Evacuate Collection Set: 0,0ms
[2021-12-07T22:39:24.895+0700][gc,phases     ] GC(9)   Evacuate Collection Set: 11,7ms
[2021-12-07T22:39:24.895+0700][gc,phases     ] GC(9)   Post Evacuate Collection Set: 1,3ms
[2021-12-07T22:39:24.895+0700][gc,phases     ] GC(9)   Other: 0,5ms
[2021-12-07T22:39:24.895+0700][gc,heap       ] GC(9) Eden regions: 46->0(48)
[2021-12-07T22:39:24.895+0700][gc,heap       ] GC(9) Survivor regions: 5->3(7)
[2021-12-07T22:39:24.895+0700][gc,heap       ] GC(9) Old regions: 15->16
[2021-12-07T22:39:24.895+0700][gc,heap       ] GC(9) Humongous regions: 129->129
[2021-12-07T22:39:24.895+0700][gc,metaspace  ] GC(9) Metaspace: 41575K->41575K(1087488K)
[2021-12-07T22:39:24.896+0700][gc            ] GC(9) Pause Young (Normal) (G1 Evacuation Pause) 192M->146M(1024M) 13,808ms
[2021-12-07T22:39:24.896+0700][gc,cpu        ] GC(9) User=0,09s Sys=0,01s Real=0,02s
[2021-12-07T22:47:16.181+0700][gc,start      ] GC(10) Pause Young (Normal) (G1 Evacuation Pause)
[2021-12-07T22:47:16.181+0700][gc,task       ] GC(10) Using 8 workers of 8 for evacuation
[2021-12-07T22:47:16.191+0700][gc,phases     ] GC(10)   Pre Evacuate Collection Set: 0,0ms
[2021-12-07T22:47:16.191+0700][gc,phases     ] GC(10)   Evacuate Collection Set: 6,8ms
[2021-12-07T22:47:16.191+0700][gc,phases     ] GC(10)   Post Evacuate Collection Set: 3,6ms
[2021-12-07T22:47:16.191+0700][gc,phases     ] GC(10)   Other: 0,4ms
[2021-12-07T22:47:16.191+0700][gc,heap       ] GC(10) Eden regions: 48->0(48)
[2021-12-07T22:47:16.192+0700][gc,heap       ] GC(10) Survivor regions: 3->3(7)
[2021-12-07T22:47:16.192+0700][gc,heap       ] GC(10) Old regions: 16->16
[2021-12-07T22:47:16.192+0700][gc,heap       ] GC(10) Humongous regions: 129->129
[2021-12-07T22:47:16.192+0700][gc,metaspace  ] GC(10) Metaspace: 41592K->41592K(1087488K)
[2021-12-07T22:47:16.192+0700][gc            ] GC(10) Pause Young (Normal) (G1 Evacuation Pause) 194M->146M(1024M) 11,063ms
[2021-12-07T22:47:16.192+0700][gc,cpu        ] GC(10) User=0,06s Sys=0,00s Real=0,02s
[2021-12-07T22:55:22.108+0700][gc,start      ] GC(11) Pause Young (Normal) (G1 Evacuation Pause)
[2021-12-07T22:55:22.108+0700][gc,task       ] GC(11) Using 8 workers of 8 for evacuation
[2021-12-07T22:55:22.127+0700][gc,phases     ] GC(11)   Pre Evacuate Collection Set: 0,1ms
[2021-12-07T22:55:22.127+0700][gc,phases     ] GC(11)   Evacuate Collection Set: 12,4ms
[2021-12-07T22:55:22.127+0700][gc,phases     ] GC(11)   Post Evacuate Collection Set: 6,5ms
[2021-12-07T22:55:22.127+0700][gc,phases     ] GC(11)   Other: 0,6ms
[2021-12-07T22:55:22.127+0700][gc,heap       ] GC(11) Eden regions: 48->0(49)
[2021-12-07T22:55:22.128+0700][gc,heap       ] GC(11) Survivor regions: 3->3(7)
[2021-12-07T22:55:22.128+0700][gc,heap       ] GC(11) Old regions: 16->16
[2021-12-07T22:55:22.128+0700][gc,heap       ] GC(11) Humongous regions: 129->129
[2021-12-07T22:55:22.128+0700][gc,metaspace  ] GC(11) Metaspace: 41623K->41623K(1087488K)
[2021-12-07T22:55:22.128+0700][gc            ] GC(11) Pause Young (Normal) (G1 Evacuation Pause) 194M->146M(1024M) 19,846ms
[2021-12-07T22:55:22.128+0700][gc,cpu        ] GC(11) User=0,08s Sys=0,00s Real=0,02s
[2021-12-07T23:03:41.048+0700][gc,start      ] GC(12) Pause Young (Normal) (G1 Evacuation Pause)
[2021-12-07T23:03:41.049+0700][gc,task       ] GC(12) Using 8 workers of 8 for evacuation
[2021-12-07T23:03:41.057+0700][gc,phases     ] GC(12)   Pre Evacuate Collection Set: 0,1ms
[2021-12-07T23:03:41.057+0700][gc,phases     ] GC(12)   Evacuate Collection Set: 6,9ms
[2021-12-07T23:03:41.057+0700][gc,phases     ] GC(12)   Post Evacuate Collection Set: 1,0ms
[2021-12-07T23:03:41.057+0700][gc,phases     ] GC(12)   Other: 0,9ms
[2021-12-07T23:03:41.057+0700][gc,heap       ] GC(12) Eden regions: 49->0(66)
[2021-12-07T23:03:41.057+0700][gc,heap       ] GC(12) Survivor regions: 3->3(7)
[2021-12-07T23:03:41.057+0700][gc,heap       ] GC(12) Old regions: 16->16
[2021-12-07T23:03:41.057+0700][gc,heap       ] GC(12) Humongous regions: 129->129
[2021-12-07T23:03:41.057+0700][gc,metaspace  ] GC(12) Metaspace: 41631K->41631K(1087488K)
[2021-12-07T23:03:41.057+0700][gc            ] GC(12) Pause Young (Normal) (G1 Evacuation Pause) 195M->146M(1024M) 9,082ms
[2021-12-07T23:03:41.057+0700][gc,cpu        ] GC(12) User=0,04s Sys=0,00s Real=0,01s
[2021-12-07T23:14:33.670+0700][gc,start      ] GC(13) Pause Young (Normal) (G1 Evacuation Pause)
[2021-12-07T23:14:33.672+0700][gc,task       ] GC(13) Using 8 workers of 8 for evacuation
[2021-12-07T23:14:33.680+0700][gc,phases     ] GC(13)   Pre Evacuate Collection Set: 0,4ms
[2021-12-07T23:14:33.680+0700][gc,phases     ] GC(13)   Evacuate Collection Set: 5,1ms
[2021-12-07T23:14:33.680+0700][gc,phases     ] GC(13)   Post Evacuate Collection Set: 2,6ms
[2021-12-07T23:14:33.680+0700][gc,phases     ] GC(13)   Other: 2,7ms
[2021-12-07T23:14:33.681+0700][gc,heap       ] GC(13) Eden regions: 66->0(313)
[2021-12-07T23:14:33.681+0700][gc,heap       ] GC(13) Survivor regions: 3->4(9)
[2021-12-07T23:14:33.681+0700][gc,heap       ] GC(13) Old regions: 16->16
[2021-12-07T23:14:33.681+0700][gc,heap       ] GC(13) Humongous regions: 129->129
[2021-12-07T23:14:33.681+0700][gc,metaspace  ] GC(13) Metaspace: 41688K->41688K(1087488K)
[2021-12-07T23:14:33.681+0700][gc            ] GC(13) Pause Young (Normal) (G1 Evacuation Pause) 212M->146M(1024M) 10,580ms
[2021-12-07T23:14:33.681+0700][gc,cpu        ] GC(13) User=0,04s Sys=0,00s Real=0,00s
