[2021-12-06T22:41:22.969+0700][gc,heap] Heap region size: 1M
[2021-12-06T22:41:22.992+0700][gc     ] Using G1
[2021-12-06T22:41:22.992+0700][gc,heap,coops] Heap address: 0x00000000c0000000, size: 1024 MB, Compressed Oops mode: 32-bit
[2021-12-06T22:41:22.993+0700][gc,cds       ] Mark closed archive regions in map: [0x00000000fff00000, 0x00000000fff6aff8]
[2021-12-06T22:41:22.993+0700][gc,cds       ] Mark open archive regions in map: [0x00000000ffe00000, 0x00000000ffe46ff8]
[2021-12-06T22:41:23.478+0700][gc,heap,exit ] Heap
[2021-12-06T22:41:23.478+0700][gc,heap,exit ]  garbage-first heap   total 1048576K, used 31432K [0x00000000c0000000, 0x0000000100000000)
[2021-12-06T22:41:23.478+0700][gc,heap,exit ]   region size 1024K, 31 young (31744K), 0 survivors (0K)
[2021-12-06T22:41:23.478+0700][gc,heap,exit ]  Metaspace       used 9710K, capacity 10008K, committed 10368K, reserved 1058816K
[2021-12-06T22:41:23.478+0700][gc,heap,exit ]   class space    used 1240K, capacity 1362K, committed 1408K, reserved 1048576K
