[2021-12-07T22:05:16.942+0700][gc,heap] Heap region size: 1M
[2021-12-07T22:05:16.948+0700][gc     ] Using G1
[2021-12-07T22:05:16.949+0700][gc,heap,coops] Heap address: 0x00000000c0000000, size: 1024 MB, Compressed Oops mode: 32-bit
[2021-12-07T22:05:16.949+0700][gc,cds       ] Mark closed archive regions in map: [0x00000000fff00000, 0x00000000fff6aff8]
[2021-12-07T22:05:16.949+0700][gc,cds       ] Mark open archive regions in map: [0x00000000ffe00000, 0x00000000ffe46ff8]
[2021-12-07T22:05:17.649+0700][gc,start     ] GC(0) Pause Young (Normal) (G1 Evacuation Pause)
[2021-12-07T22:05:17.650+0700][gc,task      ] GC(0) Using 8 workers of 8 for evacuation
[2021-12-07T22:05:17.658+0700][gc,phases    ] GC(0)   Pre Evacuate Collection Set: 0,0ms
[2021-12-07T22:05:17.658+0700][gc,phases    ] GC(0)   Evacuate Collection Set: 7,4ms
[2021-12-07T22:05:17.658+0700][gc,phases    ] GC(0)   Post Evacuate Collection Set: 0,4ms
[2021-12-07T22:05:17.658+0700][gc,phases    ] GC(0)   Other: 0,6ms
[2021-12-07T22:05:17.658+0700][gc,heap      ] GC(0) Eden regions: 51->0(44)
[2021-12-07T22:05:17.658+0700][gc,heap      ] GC(0) Survivor regions: 0->7(7)
[2021-12-07T22:05:17.658+0700][gc,heap      ] GC(0) Old regions: 2->2
[2021-12-07T22:05:17.658+0700][gc,heap      ] GC(0) Humongous regions: 0->0
[2021-12-07T22:05:17.658+0700][gc,metaspace ] GC(0) Metaspace: 14845K->14845K(1062912K)
[2021-12-07T22:05:17.658+0700][gc           ] GC(0) Pause Young (Normal) (G1 Evacuation Pause) 51M->7M(1024M) 8,516ms
[2021-12-07T22:05:17.658+0700][gc,cpu       ] GC(0) User=0,06s Sys=0,00s Real=0,01s
[2021-12-07T22:05:17.958+0700][gc,start     ] GC(1) Pause Young (Concurrent Start) (Metadata GC Threshold)
[2021-12-07T22:05:17.958+0700][gc,task      ] GC(1) Using 8 workers of 8 for evacuation
[2021-12-07T22:05:17.966+0700][gc,phases    ] GC(1)   Pre Evacuate Collection Set: 0,0ms
[2021-12-07T22:05:17.966+0700][gc,phases    ] GC(1)   Evacuate Collection Set: 7,1ms
[2021-12-07T22:05:17.966+0700][gc,phases    ] GC(1)   Post Evacuate Collection Set: 0,4ms
[2021-12-07T22:05:17.966+0700][gc,phases    ] GC(1)   Other: 0,2ms
[2021-12-07T22:05:17.966+0700][gc,heap      ] GC(1) Eden regions: 24->0(49)
[2021-12-07T22:05:17.966+0700][gc,heap      ] GC(1) Survivor regions: 7->2(7)
[2021-12-07T22:05:17.966+0700][gc,heap      ] GC(1) Old regions: 2->9
[2021-12-07T22:05:17.966+0700][gc,heap      ] GC(1) Humongous regions: 0->0
[2021-12-07T22:05:17.966+0700][gc,metaspace ] GC(1) Metaspace: 20508K->20508K(1067008K)
[2021-12-07T22:05:17.966+0700][gc           ] GC(1) Pause Young (Concurrent Start) (Metadata GC Threshold) 30M->8M(1024M) 7,770ms
[2021-12-07T22:05:17.966+0700][gc,cpu       ] GC(1) User=0,03s Sys=0,01s Real=0,01s
[2021-12-07T22:05:17.966+0700][gc           ] GC(2) Concurrent Cycle
[2021-12-07T22:05:17.966+0700][gc,marking   ] GC(2) Concurrent Clear Claimed Marks
[2021-12-07T22:05:17.966+0700][gc,marking   ] GC(2) Concurrent Clear Claimed Marks 0,043ms
[2021-12-07T22:05:17.966+0700][gc,marking   ] GC(2) Concurrent Scan Root Regions
[2021-12-07T22:05:17.967+0700][gc,marking   ] GC(2) Concurrent Scan Root Regions 1,068ms
[2021-12-07T22:05:17.967+0700][gc,marking   ] GC(2) Concurrent Mark (1,050s)
[2021-12-07T22:05:17.967+0700][gc,marking   ] GC(2) Concurrent Mark From Roots
[2021-12-07T22:05:17.967+0700][gc,task      ] GC(2) Using 2 workers of 2 for marking
[2021-12-07T22:05:17.973+0700][gc,marking   ] GC(2) Concurrent Mark From Roots 6,088ms
[2021-12-07T22:05:17.973+0700][gc,marking   ] GC(2) Concurrent Preclean
[2021-12-07T22:05:17.974+0700][gc,marking   ] GC(2) Concurrent Preclean 0,081ms
[2021-12-07T22:05:17.974+0700][gc,marking   ] GC(2) Concurrent Mark (1,050s, 1,056s) 6,202ms
[2021-12-07T22:05:17.974+0700][gc,start     ] GC(2) Pause Remark
[2021-12-07T22:05:17.975+0700][gc,stringtable] GC(2) Cleaned string and symbol table, strings: 5093 processed, 0 removed, symbols: 50250 processed, 41 removed
[2021-12-07T22:05:17.976+0700][gc            ] GC(2) Pause Remark 8M->8M(1024M) 2,015ms
[2021-12-07T22:05:17.976+0700][gc,cpu        ] GC(2) User=0,01s Sys=0,00s Real=0,00s
[2021-12-07T22:05:17.976+0700][gc,marking    ] GC(2) Concurrent Rebuild Remembered Sets
[2021-12-07T22:05:17.979+0700][gc,marking    ] GC(2) Concurrent Rebuild Remembered Sets 3,015ms
[2021-12-07T22:05:17.979+0700][gc,start      ] GC(2) Pause Cleanup
[2021-12-07T22:05:17.979+0700][gc            ] GC(2) Pause Cleanup 8M->8M(1024M) 0,261ms
[2021-12-07T22:05:17.979+0700][gc,cpu        ] GC(2) User=0,00s Sys=0,00s Real=0,00s
[2021-12-07T22:05:17.979+0700][gc,marking    ] GC(2) Concurrent Cleanup for Next Mark
[2021-12-07T22:05:17.982+0700][gc,marking    ] GC(2) Concurrent Cleanup for Next Mark 3,199ms
[2021-12-07T22:05:17.982+0700][gc            ] GC(2) Concurrent Cycle 16,314ms
[2021-12-07T22:05:18.649+0700][gc,start      ] GC(3) Pause Young (Normal) (G1 Evacuation Pause)
[2021-12-07T22:05:18.649+0700][gc,task       ] GC(3) Using 8 workers of 8 for evacuation
[2021-12-07T22:05:18.652+0700][gc,phases     ] GC(3)   Pre Evacuate Collection Set: 0,0ms
[2021-12-07T22:05:18.652+0700][gc,phases     ] GC(3)   Evacuate Collection Set: 3,2ms
[2021-12-07T22:05:18.652+0700][gc,phases     ] GC(3)   Post Evacuate Collection Set: 0,4ms
[2021-12-07T22:05:18.652+0700][gc,phases     ] GC(3)   Other: 0,1ms
[2021-12-07T22:05:18.652+0700][gc,heap       ] GC(3) Eden regions: 49->0(47)
[2021-12-07T22:05:18.652+0700][gc,heap       ] GC(3) Survivor regions: 2->4(7)
[2021-12-07T22:05:18.652+0700][gc,heap       ] GC(3) Old regions: 9->9
[2021-12-07T22:05:18.652+0700][gc,heap       ] GC(3) Humongous regions: 129->129
[2021-12-07T22:05:18.652+0700][gc,metaspace  ] GC(3) Metaspace: 28990K->28990K(1075200K)
[2021-12-07T22:05:18.652+0700][gc            ] GC(3) Pause Young (Normal) (G1 Evacuation Pause) 186M->139M(1024M) 3,820ms
[2021-12-07T22:05:18.652+0700][gc,cpu        ] GC(3) User=0,02s Sys=0,00s Real=0,01s
[2021-12-07T22:05:21.024+0700][gc,heap,exit  ] Heap
[2021-12-07T22:05:21.024+0700][gc,heap,exit  ]  garbage-first heap   total 1048576K, used 174273K [0x00000000c0000000, 0x0000000100000000)
[2021-12-07T22:05:21.024+0700][gc,heap,exit  ]   region size 1024K, 36 young (36864K), 4 survivors (4096K)
[2021-12-07T22:05:21.024+0700][gc,heap,exit  ]  Metaspace       used 33031K, capacity 34350K, committed 34608K, reserved 1079296K
[2021-12-07T22:05:21.024+0700][gc,heap,exit  ]   class space    used 4077K, capacity 4685K, committed 4736K, reserved 1048576K
