[2021-12-07T22:03:43.486+0700][gc,heap] Heap region size: 1M
[2021-12-07T22:03:43.491+0700][gc     ] Using G1
[2021-12-07T22:03:43.491+0700][gc,heap,coops] Heap address: 0x00000000e0000000, size: 512 MB, Compressed Oops mode: 32-bit
[2021-12-07T22:03:43.491+0700][gc,cds       ] Mark closed archive regions in map: [0x00000000fff00000, 0x00000000fff6aff8]
[2021-12-07T22:03:43.491+0700][gc,cds       ] Mark open archive regions in map: [0x00000000ffe00000, 0x00000000ffe46ff8]
[2021-12-07T22:03:43.893+0700][gc,start     ] GC(0) Pause Young (Normal) (G1 Evacuation Pause)
[2021-12-07T22:03:43.894+0700][gc,task      ] GC(0) Using 8 workers of 8 for evacuation
[2021-12-07T22:03:43.902+0700][gc,phases    ] GC(0)   Pre Evacuate Collection Set: 0,0ms
[2021-12-07T22:03:43.902+0700][gc,phases    ] GC(0)   Evacuate Collection Set: 7,4ms
[2021-12-07T22:03:43.902+0700][gc,phases    ] GC(0)   Post Evacuate Collection Set: 0,3ms
[2021-12-07T22:03:43.902+0700][gc,phases    ] GC(0)   Other: 0,5ms
[2021-12-07T22:03:43.902+0700][gc,heap      ] GC(0) Eden regions: 25->0(21)
[2021-12-07T22:03:43.902+0700][gc,heap      ] GC(0) Survivor regions: 0->4(4)
[2021-12-07T22:03:43.902+0700][gc,heap      ] GC(0) Old regions: 2->5
[2021-12-07T22:03:43.902+0700][gc,heap      ] GC(0) Humongous regions: 0->0
[2021-12-07T22:03:43.902+0700][gc,metaspace ] GC(0) Metaspace: 7556K->7556K(1056768K)
[2021-12-07T22:03:43.902+0700][gc           ] GC(0) Pause Young (Normal) (G1 Evacuation Pause) 25M->7M(512M) 8,228ms
[2021-12-07T22:03:43.902+0700][gc,cpu       ] GC(0) User=0,05s Sys=0,00s Real=0,00s
[2021-12-07T22:04:45.322+0700][gc,heap,exit ] Heap
[2021-12-07T22:04:45.323+0700][gc,heap,exit ]  garbage-first heap   total 524288K, used 14910K [0x00000000e0000000, 0x0000000100000000)
[2021-12-07T22:04:45.323+0700][gc,heap,exit ]   region size 1024K, 12 young (12288K), 4 survivors (4096K)
[2021-12-07T22:04:45.323+0700][gc,heap,exit ]  Metaspace       used 8542K, capacity 8956K, committed 9088K, reserved 1056768K
[2021-12-07T22:04:45.323+0700][gc,heap,exit ]   class space    used 961K, capacity 1121K, committed 1152K, reserved 1048576K
